00:00 +0: loading /Users/mba_hd/Development/Flutter/Projects/arrow_ops/test/features/customer/presentation/customer_form_dialog_city_validation_test.dart
00:00 +0: akzeptiert Stadtname mit Schraegstrich beim Speichern
══╡ EXCEPTION CAUGHT BY WIDGETS LIBRARY ╞═══════════════════════════════════════════════════════════
The following assertion was thrown building Builder-[LabeledGlobalKey<_RawMenuAnchorState>#24725
MenuAnchor](dirty, dependencies: [_LocalizationsScope-[GlobalKey#24768]]):
No MaterialLocalizations found.
Builder widgets require MaterialLocalizations to be provided by a Localizations widget ancestor.
The material library uses Localizations to generate messages, labels, and abbreviations.
To introduce a MaterialLocalizations, either use a MaterialApp at the root of your application to
include them automatically, or add a Localization widget with a MaterialLocalizations delegate.
The specific widget that could not find a MaterialLocalizations ancestor was:
  Builder-[LabeledGlobalKey<_RawMenuAnchorState>#24725 MenuAnchor]
The ancestors of this widget were:
  ...
  TapRegion
  _FocusInheritedScope
  Focus
  Shortcuts
  Semantics
  ...

The relevant error-causing widget was:
  DropdownMenu<String>
  DropdownMenu:file:///Users/mba_hd/Development/Flutter/Projects/arrow_ops/lib/features/customer/presentation/widgets/customer_form_dialog.dart:914:12

When the exception was thrown, this was the stack:
#0      debugCheckHasMaterialLocalizations.<anonymous closure> (package:flutter/src/material/debug.dart:97:7)
#1      debugCheckHasMaterialLocalizations (package:flutter/src/material/debug.dart:117:4)
#2      MaterialLocalizations.of (package:flutter/src/material/material_localizations.dart:717:12)
#3      _DropdownMenuState.build.<anonymous closure> (package:flutter/src/material/dropdown_menu.dart:1251:75)
#4      _RawMenuAnchorState.buildAnchor.<anonymous closure> (package:flutter/src/widgets/raw_menu_anchor.dart:813:36)
#5      Builder.build (package:flutter/src/widgets/basic.dart:8396:48)
#6      StatelessElement.build (package:flutter/src/widgets/framework.dart:5889:49)
#7      ComponentElement.performRebuild (package:flutter/src/widgets/framework.dart:5817:15)
#8      Element.rebuild (package:flutter/src/widgets/framework.dart:5529:7)
#9      ComponentElement._firstBuild (package:flutter/src/widgets/framework.dart:5799:5)
#10     ComponentElement.mount (package:flutter/src/widgets/framework.dart:5793:5)
...     Normal element mounting (29 frames)
#39     Element.inflateWidget (package:flutter/src/widgets/framework.dart:4587:20)
#40     Element.updateChild (package:flutter/src/widgets/framework.dart:4059:18)
#41     _OverlayPortalElement.mount (package:flutter/src/widgets/overlay.dart:2306:14)
...     Normal element mounting (63 frames)
#104    Element.inflateWidget (package:flutter/src/widgets/framework.dart:4587:20)
#105    MultiChildRenderObjectElement.inflateWidget (package:flutter/src/widgets/framework.dart:7264:36)
#106    MultiChildRenderObjectElement.mount (package:flutter/src/widgets/framework.dart:7279:32)
...     Normal element mounting (23 frames)
#129    Element.inflateWidget (package:flutter/src/widgets/framework.dart:4587:20)
#130    MultiChildRenderObjectElement.inflateWidget (package:flutter/src/widgets/framework.dart:7264:36)
#131    MultiChildRenderObjectElement.mount (package:flutter/src/widgets/framework.dart:7279:32)
...     Normal element mounting (7 frames)
#138    Element.inflateWidget (package:flutter/src/widgets/framework.dart:4587:20)
#139    MultiChildRenderObjectElement.inflateWidget (package:flutter/src/widgets/framework.dart:7264:36)
#140    MultiChildRenderObjectElement.mount (package:flutter/src/widgets/framework.dart:7279:32)
...     Normal element mounting (4 frames)
#144    Element.inflateWidget (package:flutter/src/widgets/framework.dart:4587:20)
#145    MultiChildRenderObjectElement.inflateWidget (package:flutter/src/widgets/framework.dart:7264:36)
#146    MultiChildRenderObjectElement.mount (package:flutter/src/widgets/framework.dart:7279:32)
...     Normal element mounting (71 frames)
#217    Element.inflateWidget (package:flutter/src/widgets/framework.dart:4587:20)
#218    MultiChildRenderObjectElement.inflateWidget (package:flutter/src/widgets/framework.dart:7264:36)
#219    MultiChildRenderObjectElement.mount (package:flutter/src/widgets/framework.dart:7279:32)
...     Normal element mounting (28 frames)
#247    Element.inflateWidget (package:flutter/src/widgets/framework.dart:4587:20)
#248    MultiChildRenderObjectElement.inflateWidget (package:flutter/src/widgets/framework.dart:7264:36)
#249    MultiChildRenderObjectElement.mount (package:flutter/src/widgets/framework.dart:7279:32)
...     Normal element mounting (440 frames)
#689    Element.inflateWidget (package:flutter/src/widgets/framework.dart:4587:20)
#690    MultiChildRenderObjectElement.inflateWidget (package:flutter/src/widgets/framework.dart:7264:36)
#691    Element.updateChild (package:flutter/src/widgets/framework.dart:4059:18)
#692    Element.updateChildren (package:flutter/src/widgets/framework.dart:4255:32)
#693    MultiChildRenderObjectElement.update (package:flutter/src/widgets/framework.dart:7295:17)
#694    Element.updateChild (package:flutter/src/widgets/framework.dart:4037:15)
#695    ComponentElement.performRebuild (package:flutter/src/widgets/framework.dart:5841:16)
#696    StatefulElement.performRebuild (package:flutter/src/widgets/framework.dart:5982:11)
#697    Element.rebuild (package:flutter/src/widgets/framework.dart:5529:7)
#698    StatefulElement.update (package:flutter/src/widgets/framework.dart:6007:5)
#699    Element.updateChild (package:flutter/src/widgets/framework.dart:4037:15)
#700    ComponentElement.performRebuild (package:flutter/src/widgets/framework.dart:5841:16)
#701    Element.rebuild (package:flutter/src/widgets/framework.dart:5529:7)
#702    ProxyElement.update (package:flutter/src/widgets/framework.dart:6149:5)
#703    Element.updateChild (package:flutter/src/widgets/framework.dart:4037:15)
#704    ComponentElement.performRebuild (package:flutter/src/widgets/framework.dart:5841:16)
#705    Element.rebuild (package:flutter/src/widgets/framework.dart:5529:7)
#706    ProxyElement.update (package:flutter/src/widgets/framework.dart:6149:5)
#707    _InheritedNotifierElement.update (package:flutter/src/widgets/inherited_notifier.dart:108:11)
#708    Element.updateChild (package:flutter/src/widgets/framework.dart:4037:15)
#709    ComponentElement.performRebuild (package:flutter/src/widgets/framework.dart:5841:16)
#710    StatefulElement.performRebuild (package:flutter/src/widgets/framework.dart:5982:11)
#711    Element.rebuild (package:flutter/src/widgets/framework.dart:5529:7)
#712    StatefulElement.update (package:flutter/src/widgets/framework.dart:6007:5)
#713    Element.updateChild (package:flutter/src/widgets/framework.dart:4037:15)
#714    ComponentElement.performRebuild (package:flutter/src/widgets/framework.dart:5841:16)
#715    Element.rebuild (package:flutter/src/widgets/framework.dart:5529:7)
#716    ProxyElement.update (package:flutter/src/widgets/framework.dart:6149:5)
#717    _InheritedNotifierElement.update (package:flutter/src/widgets/inherited_notifier.dart:108:11)
#718    Element.updateChild (package:flutter/src/widgets/framework.dart:4037:15)
#719    ComponentElement.performRebuild (package:flutter/src/widgets/framework.dart:5841:16)
#720    StatefulElement.performRebuild (package:flutter/src/widgets/framework.dart:5982:11)
#721    Element.rebuild (package:flutter/src/widgets/framework.dart:5529:7)
#722    StatefulElement.update (package:flutter/src/widgets/framework.dart:6007:5)
#723    Element.updateChild (package:flutter/src/widgets/framework.dart:4037:15)
#724    ComponentElement.performRebuild (package:flutter/src/widgets/framework.dart:5841:16)
#725    StatefulElement.performRebuild (package:flutter/src/widgets/framework.dart:5982:11)
#726    Element.rebuild (package:flutter/src/widgets/framework.dart:5529:7)
#727    StatefulElement.update (package:flutter/src/widgets/framework.dart:6007:5)
#728    Element.updateChild (package:flutter/src/widgets/framework.dart:4037:15)
#729    SingleChildRenderObjectElement.update (package:flutter/src/widgets/framework.dart:7122:14)
#730    Element.updateChild (package:flutter/src/widgets/framework.dart:4037:15)
#731    SingleChildRenderObjectElement.update (package:flutter/src/widgets/framework.dart:7122:14)
#732    Element.updateChild (package:flutter/src/widgets/framework.dart:4037:15)
#733    ComponentElement.performRebuild (package:flutter/src/widgets/framework.dart:5841:16)
#734    Element.rebuild (package:flutter/src/widgets/framework.dart:5529:7)
#735    ProxyElement.update (package:flutter/src/widgets/framework.dart:6149:5)
#736    Element.updateChild (package:flutter/src/widgets/framework.dart:4037:15)
#737    ComponentElement.performRebuild (package:flutter/src/widgets/framework.dart:5841:16)
#738    Element.rebuild (package:flutter/src/widgets/framework.dart:5529:7)
#739    ProxyElement.update (package:flutter/src/widgets/framework.dart:6149:5)
#740    Element.updateChild (package:flutter/src/widgets/framework.dart:4037:15)
#741    ComponentElement.performRebuild (package:flutter/src/widgets/framework.dart:5841:16)
#742    StatefulElement.performRebuild (package:flutter/src/widgets/framework.dart:5982:11)
#743    Element.rebuild (package:flutter/src/widgets/framework.dart:5529:7)
#744    BuildScope._tryRebuild (package:flutter/src/widgets/framework.dart:2750:15)
#745    BuildScope._flushDirtyElements (package:flutter/src/widgets/framework.dart:2807:11)
#746    BuildOwner.buildScope (package:flutter/src/widgets/framework.dart:3111:18)
#747    AutomatedTestWidgetsFlutterBinding.drawFrame (package:flutter_test/src/binding.dart:2131:19)
#748    RendererBinding._handlePersistentFrameCallback (package:flutter/src/rendering/binding.dart:495:5)
#749    SchedulerBinding._invokeFrameCallback (package:flutter/src/scheduler/binding.dart:1430:15)
#750    SchedulerBinding.handleDrawFrame (package:flutter/src/scheduler/binding.dart:1345:9)
#751    AutomatedTestWidgetsFlutterBinding.pump.<anonymous closure> (package:flutter_test/src/binding.dart:1960:9)
#754    TestAsyncUtils.guard (package:flutter_test/src/test_async_utils.dart:74:41)
#755    AutomatedTestWidgetsFlutterBinding.pump (package:flutter_test/src/binding.dart:1949:27)
#756    WidgetTester.pumpAndSettle.<anonymous closure> (package:flutter_test/src/widget_tester.dart:719:23)
#759    TestAsyncUtils.guard (package:flutter_test/src/test_async_utils.dart:74:41)
#760    WidgetTester.pumpAndSettle (package:flutter_test/src/widget_tester.dart:712:27)
#761    main.openAndSubmitDialog (file:///Users/mba_hd/Development/Flutter/Projects/arrow_ops/test/features/customer/presentation/customer_form_dialog_city_validation_test.dart:61:18)
<asynchronous suspension>
#762    main.<anonymous closure> (file:///Users/mba_hd/Development/Flutter/Projects/arrow_ops/test/features/customer/presentation/customer_form_dialog_city_validation_test.dart:70:20)
<asynchronous suspension>
#763    testWidgets.<anonymous closure>.<anonymous closure> (package:flutter_test/src/widget_tester.dart:192:15)
<asynchronous suspension>
#764    TestWidgetsFlutterBinding._runTestBody (package:flutter_test/src/binding.dart:1682:5)
<asynchronous suspension>
<asynchronous suspension>
(elided 5 frames from dart:async and package:stack_trace)

════════════════════════════════════════════════════════════════════════════════════════════════════
══╡ EXCEPTION CAUGHT BY WIDGETS LIBRARY ╞═══════════════════════════════════════════════════════════
The following assertion was thrown building Builder-[LabeledGlobalKey<_RawMenuAnchorState>#d2274
MenuAnchor](dirty, dependencies: [_LocalizationsScope-[GlobalKey#24768]]):
No MaterialLocalizations found.
Builder widgets require MaterialLocalizations to be provided by a Localizations widget ancestor.
The material library uses Localizations to generate messages, labels, and abbreviations.
To introduce a MaterialLocalizations, either use a MaterialApp at the root of your application to
include them automatically, or add a Localization widget with a MaterialLocalizations delegate.
The specific widget that could not find a MaterialLocalizations ancestor was:
  Builder-[LabeledGlobalKey<_RawMenuAnchorState>#d2274 MenuAnchor]
The ancestors of this widget were:
  ...
  TapRegion
  _FocusInheritedScope
  Focus
  Shortcuts
  Semantics
  ...

The relevant error-causing widget was:
  DropdownMenu<String>
  DropdownMenu:file:///Users/mba_hd/Development/Flutter/Projects/arrow_ops/lib/features/customer/presentation/widgets/customer_form_dialog.dart:914:12

When the exception was thrown, this was the stack:
#0      debugCheckHasMaterialLocalizations.<anonymous closure> (package:flutter/src/material/debug.dart:97:7)
#1      debugCheckHasMaterialLocalizations (package:flutter/src/material/debug.dart:117:4)
#2      MaterialLocalizations.of (package:flutter/src/material/material_localizations.dart:717:12)
#3      _DropdownMenuState.build.<anonymous closure> (package:flutter/src/material/dropdown_menu.dart:1251:75)
#4      _RawMenuAnchorState.buildAnchor.<anonymous closure> (package:flutter/src/widgets/raw_menu_anchor.dart:813:36)
#5      Builder.build (package:flutter/src/widgets/basic.dart:8396:48)
#6      StatelessElement.build (package:flutter/src/widgets/framework.dart:5889:49)
#7      ComponentElement.performRebuild (package:flutter/src/widgets/framework.dart:5817:15)
#8      Element.rebuild (package:flutter/src/widgets/framework.dart:5529:7)
#9      ComponentElement._firstBuild (package:flutter/src/widgets/framework.dart:5799:5)
#10     ComponentElement.mount (package:flutter/src/widgets/framework.dart:5793:5)
...     Normal element mounting (29 frames)
#39     Element.inflateWidget (package:flutter/src/widgets/framework.dart:4587:20)
#40     Element.updateChild (package:flutter/src/widgets/framework.dart:4059:18)
#41     _OverlayPortalElement.mount (package:flutter/src/widgets/overlay.dart:2306:14)
...     Normal element mounting (63 frames)
#104    Element.inflateWidget (package:flutter/src/widgets/framework.dart:4587:20)
#105    MultiChildRenderObjectElement.inflateWidget (package:flutter/src/widgets/framework.dart:7264:36)
#106    MultiChildRenderObjectElement.mount (package:flutter/src/widgets/framework.dart:7279:32)
...     Normal element mounting (23 frames)
#129    Element.inflateWidget (package:flutter/src/widgets/framework.dart:4587:20)
#130    MultiChildRenderObjectElement.inflateWidget (package:flutter/src/widgets/framework.dart:7264:36)
#131    MultiChildRenderObjectElement.mount (package:flutter/src/widgets/framework.dart:7279:32)
...     Normal element mounting (7 frames)
#138    Element.inflateWidget (package:flutter/src/widgets/framework.dart:4587:20)
#139    MultiChildRenderObjectElement.inflateWidget (package:flutter/src/widgets/framework.dart:7264:36)
#140    MultiChildRenderObjectElement.mount (package:flutter/src/widgets/framework.dart:7279:32)
...     Normal element mounting (4 frames)
#144    Element.inflateWidget (package:flutter/src/widgets/framework.dart:4587:20)
#145    MultiChildRenderObjectElement.inflateWidget (package:flutter/src/widgets/framework.dart:7264:36)
#146    MultiChildRenderObjectElement.mount (package:flutter/src/widgets/framework.dart:7279:32)
...     Normal element mounting (71 frames)
#217    Element.inflateWidget (package:flutter/src/widgets/framework.dart:4587:20)
#218    MultiChildRenderObjectElement.inflateWidget (package:flutter/src/widgets/framework.dart:7264:36)
#219    MultiChildRenderObjectElement.mount (package:flutter/src/widgets/framework.dart:7279:32)
...     Normal element mounting (28 frames)
#247    Element.inflateWidget (package:flutter/src/widgets/framework.dart:4587:20)
#248    MultiChildRenderObjectElement.inflateWidget (package:flutter/src/widgets/framework.dart:7264:36)
#249    MultiChildRenderObjectElement.mount (package:flutter/src/widgets/framework.dart:7279:32)
...     Normal element mounting (440 frames)
#689    Element.inflateWidget (package:flutter/src/widgets/framework.dart:4587:20)
#690    MultiChildRenderObjectElement.inflateWidget (package:flutter/src/widgets/framework.dart:7264:36)
#691    Element.updateChild (package:flutter/src/widgets/framework.dart:4059:18)
#692    Element.updateChildren (package:flutter/src/widgets/framework.dart:4255:32)
#693    MultiChildRenderObjectElement.update (package:flutter/src/widgets/framework.dart:7295:17)
#694    Element.updateChild (package:flutter/src/widgets/framework.dart:4037:15)
#695    ComponentElement.performRebuild (package:flutter/src/widgets/framework.dart:5841:16)
#696    StatefulElement.performRebuild (package:flutter/src/widgets/framework.dart:5982:11)
#697    Element.rebuild (package:flutter/src/widgets/framework.dart:5529:7)
#698    StatefulElement.update (package:flutter/src/widgets/framework.dart:6007:5)
#699    Element.updateChild (package:flutter/src/widgets/framework.dart:4037:15)
#700    ComponentElement.performRebuild (package:flutter/src/widgets/framework.dart:5841:16)
#701    Element.rebuild (package:flutter/src/widgets/framework.dart:5529:7)
#702    ProxyElement.update (package:flutter/src/widgets/framework.dart:6149:5)
#703    Element.updateChild (package:flutter/src/widgets/framework.dart:4037:15)
#704    ComponentElement.performRebuild (package:flutter/src/widgets/framework.dart:5841:16)
#705    Element.rebuild (package:flutter/src/widgets/framework.dart:5529:7)
#706    ProxyElement.update (package:flutter/src/widgets/framework.dart:6149:5)
#707    _InheritedNotifierElement.update (package:flutter/src/widgets/inherited_notifier.dart:108:11)
#708    Element.updateChild (package:flutter/src/widgets/framework.dart:4037:15)
#709    ComponentElement.performRebuild (package:flutter/src/widgets/framework.dart:5841:16)
#710    StatefulElement.performRebuild (package:flutter/src/widgets/framework.dart:5982:11)
#711    Element.rebuild (package:flutter/src/widgets/framework.dart:5529:7)
#712    StatefulElement.update (package:flutter/src/widgets/framework.dart:6007:5)
#713    Element.updateChild (package:flutter/src/widgets/framework.dart:4037:15)
#714    ComponentElement.performRebuild (package:flutter/src/widgets/framework.dart:5841:16)
#715    Element.rebuild (package:flutter/src/widgets/framework.dart:5529:7)
#716    ProxyElement.update (package:flutter/src/widgets/framework.dart:6149:5)
#717    _InheritedNotifierElement.update (package:flutter/src/widgets/inherited_notifier.dart:108:11)
#718    Element.updateChild (package:flutter/src/widgets/framework.dart:4037:15)
#719    ComponentElement.performRebuild (package:flutter/src/widgets/framework.dart:5841:16)
#720    StatefulElement.performRebuild (package:flutter/src/widgets/framework.dart:5982:11)
#721    Element.rebuild (package:flutter/src/widgets/framework.dart:5529:7)
#722    StatefulElement.update (package:flutter/src/widgets/framework.dart:6007:5)
#723    Element.updateChild (package:flutter/src/widgets/framework.dart:4037:15)
#724    ComponentElement.performRebuild (package:flutter/src/widgets/framework.dart:5841:16)
#725    StatefulElement.performRebuild (package:flutter/src/widgets/framework.dart:5982:11)
#726    Element.rebuild (package:flutter/src/widgets/framework.dart:5529:7)
#727    StatefulElement.update (package:flutter/src/widgets/framework.dart:6007:5)
#728    Element.updateChild (package:flutter/src/widgets/framework.dart:4037:15)
#729    SingleChildRenderObjectElement.update (package:flutter/src/widgets/framework.dart:7122:14)
#730    Element.updateChild (package:flutter/src/widgets/framework.dart:4037:15)
#731    SingleChildRenderObjectElement.update (package:flutter/src/widgets/framework.dart:7122:14)
#732    Element.updateChild (package:flutter/src/widgets/framework.dart:4037:15)
#733    ComponentElement.performRebuild (package:flutter/src/widgets/framework.dart:5841:16)
#734    Element.rebuild (package:flutter/src/widgets/framework.dart:5529:7)
#735    ProxyElement.update (package:flutter/src/widgets/framework.dart:6149:5)
#736    Element.updateChild (package:flutter/src/widgets/framework.dart:4037:15)
#737    ComponentElement.performRebuild (package:flutter/src/widgets/framework.dart:5841:16)
#738    Element.rebuild (package:flutter/src/widgets/framework.dart:5529:7)
#739    ProxyElement.update (package:flutter/src/widgets/framework.dart:6149:5)
#740    Element.updateChild (package:flutter/src/widgets/framework.dart:4037:15)
#741    ComponentElement.performRebuild (package:flutter/src/widgets/framework.dart:5841:16)
#742    StatefulElement.performRebuild (package:flutter/src/widgets/framework.dart:5982:11)
#743    Element.rebuild (package:flutter/src/widgets/framework.dart:5529:7)
#744    BuildScope._tryRebuild (package:flutter/src/widgets/framework.dart:2750:15)
#745    BuildScope._flushDirtyElements (package:flutter/src/widgets/framework.dart:2807:11)
#746    BuildOwner.buildScope (package:flutter/src/widgets/framework.dart:3111:18)
#747    AutomatedTestWidgetsFlutterBinding.drawFrame (package:flutter_test/src/binding.dart:2131:19)
#748    RendererBinding._handlePersistentFrameCallback (package:flutter/src/rendering/binding.dart:495:5)
#749    SchedulerBinding._invokeFrameCallback (package:flutter/src/scheduler/binding.dart:1430:15)
#750    SchedulerBinding.handleDrawFrame (package:flutter/src/scheduler/binding.dart:1345:9)
#751    AutomatedTestWidgetsFlutterBinding.pump.<anonymous closure> (package:flutter_test/src/binding.dart:1960:9)
#754    TestAsyncUtils.guard (package:flutter_test/src/test_async_utils.dart:74:41)
#755    AutomatedTestWidgetsFlutterBinding.pump (package:flutter_test/src/binding.dart:1949:27)
#756    WidgetTester.pumpAndSettle.<anonymous closure> (package:flutter_test/src/widget_tester.dart:719:23)
#759    TestAsyncUtils.guard (package:flutter_test/src/test_async_utils.dart:74:41)
#760    WidgetTester.pumpAndSettle (package:flutter_test/src/widget_tester.dart:712:27)
#761    main.openAndSubmitDialog (file:///Users/mba_hd/Development/Flutter/Projects/arrow_ops/test/features/customer/presentation/customer_form_dialog_city_validation_test.dart:61:18)
<asynchronous suspension>
#762    main.<anonymous closure> (file:///Users/mba_hd/Development/Flutter/Projects/arrow_ops/test/features/customer/presentation/customer_form_dialog_city_validation_test.dart:70:20)
<asynchronous suspension>
#763    testWidgets.<anonymous closure>.<anonymous closure> (package:flutter_test/src/widget_tester.dart:192:15)
<asynchronous suspension>
#764    TestWidgetsFlutterBinding._runTestBody (package:flutter_test/src/binding.dart:1682:5)
<asynchronous suspension>
<asynchronous suspension>
(elided 5 frames from dart:async and package:stack_trace)

════════════════════════════════════════════════════════════════════════════════════════════════════
══╡ EXCEPTION CAUGHT BY WIDGETS LIBRARY ╞═══════════════════════════════════════════════════════════
The following assertion was thrown building Builder-[LabeledGlobalKey<_RawMenuAnchorState>#24725
MenuAnchor](dependencies: [_LocalizationsScope-[GlobalKey#24768]]):
No MaterialLocalizations found.
Builder widgets require MaterialLocalizations to be provided by a Localizations widget ancestor.
The material library uses Localizations to generate messages, labels, and abbreviations.
To introduce a MaterialLocalizations, either use a MaterialApp at the root of your application to
include them automatically, or add a Localization widget with a MaterialLocalizations delegate.
The specific widget that could not find a MaterialLocalizations ancestor was:
  Builder-[LabeledGlobalKey<_RawMenuAnchorState>#24725 MenuAnchor]
The ancestors of this widget were:
  ...
  TapRegion
  _FocusInheritedScope
  Focus
  Shortcuts
  Semantics
  ...

The relevant error-causing widget was:
  DropdownMenu<String>
  DropdownMenu:file:///Users/mba_hd/Development/Flutter/Projects/arrow_ops/lib/features/customer/presentation/widgets/customer_form_dialog.dart:914:12

When the exception was thrown, this was the stack:
#0      debugCheckHasMaterialLocalizations.<anonymous closure> (package:flutter/src/material/debug.dart:97:7)
#1      debugCheckHasMaterialLocalizations (package:flutter/src/material/debug.dart:117:4)
#2      MaterialLocalizations.of (package:flutter/src/material/material_localizations.dart:717:12)
#3      _DropdownMenuState.build.<anonymous closure> (package:flutter/src/material/dropdown_menu.dart:1251:75)
#4      _RawMenuAnchorState.buildAnchor.<anonymous closure> (package:flutter/src/widgets/raw_menu_anchor.dart:813:36)
#5      Builder.build (package:flutter/src/widgets/basic.dart:8396:48)
#6      StatelessElement.build (package:flutter/src/widgets/framework.dart:5889:49)
#7      ComponentElement.performRebuild (package:flutter/src/widgets/framework.dart:5817:15)
#8      Element.rebuild (package:flutter/src/widgets/framework.dart:5529:7)
#9      StatelessElement.update (package:flutter/src/widgets/framework.dart:5895:5)
#10     Element.updateChild (package:flutter/src/widgets/framework.dart:4037:15)
#11     SingleChildRenderObjectElement.update (package:flutter/src/widgets/framework.dart:7122:14)
#12     Element.updateChild (package:flutter/src/widgets/framework.dart:4037:15)
#13     ComponentElement.performRebuild (package:flutter/src/widgets/framework.dart:5841:16)
#14     Element.rebuild (package:flutter/src/widgets/framework.dart:5529:7)
#15     ProxyElement.update (package:flutter/src/widgets/framework.dart:6149:5)
#16     _InheritedNotifierElement.update (package:flutter/src/widgets/inherited_notifier.dart:108:11)
#17     Element.updateChild (package:flutter/src/widgets/framework.dart:4037:15)
#18     ComponentElement.performRebuild (package:flutter/src/widgets/framework.dart:5841:16)
#19     StatefulElement.performRebuild (package:flutter/src/widgets/framework.dart:5982:11)
#20     Element.rebuild (package:flutter/src/widgets/framework.dart:5529:7)
#21     StatefulElement.update (package:flutter/src/widgets/framework.dart:6007:5)
#22     Element.updateChild (package:flutter/src/widgets/framework.dart:4037:15)
#23     ComponentElement.performRebuild (package:flutter/src/widgets/framework.dart:5841:16)
#24     StatefulElement.performRebuild (package:flutter/src/widgets/framework.dart:5982:11)
#25     Element.rebuild (package:flutter/src/widgets/framework.dart:5529:7)
#26     StatefulElement.update (package:flutter/src/widgets/framework.dart:6007:5)
#27     Element.updateChild (package:flutter/src/widgets/framework.dart:4037:15)
#28     SingleChildRenderObjectElement.update (package:flutter/src/widgets/framework.dart:7122:14)
#29     Element.updateChild (package:flutter/src/widgets/framework.dart:4037:15)
#30     _OverlayPortalElement.update (package:flutter/src/widgets/overlay.dart:2313:14)
#31     Element.updateChild (package:flutter/src/widgets/framework.dart:4037:15)
#32     ComponentElement.performRebuild (package:flutter/src/widgets/framework.dart:5841:16)
#33     StatefulElement.performRebuild (package:flutter/src/widgets/framework.dart:5982:11)
#34     Element.rebuild (package:flutter/src/widgets/framework.dart:5529:7)
#35     StatefulElement.update (package:flutter/src/widgets/framework.dart:6007:5)
#36     Element.updateChild (package:flutter/src/widgets/framework.dart:4037:15)
#37     ComponentElement.performRebuild (package:flutter/src/widgets/framework.dart:5841:16)
#38     Element.rebuild (package:flutter/src/widgets/framework.dart:5529:7)
#39     StatelessElement.update (package:flutter/src/widgets/framework.dart:5895:5)
#40     Element.updateChild (package:flutter/src/widgets/framework.dart:4037:15)
#41     ComponentElement.performRebuild (package:flutter/src/widgets/framework.dart:5841:16)
#42     Element.rebuild (package:flutter/src/widgets/framework.dart:5529:7)
#43     ProxyElement.update (package:flutter/src/widgets/framework.dart:6149:5)
#44     Element.updateChild (package:flutter/src/widgets/framework.dart:4037:15)
#45     ComponentElement.performRebuild (package:flutter/src/widgets/framework.dart:5841:16)
#46     StatefulElement.performRebuild (package:flutter/src/widgets/framework.dart:5982:11)
#47     Element.rebuild (package:flutter/src/widgets/framework.dart:5529:7)
#48     StatefulElement.update (package:flutter/src/widgets/framework.dart:6007:5)
#49     Element.updateChild (package:flutter/src/widgets/framework.dart:4037:15)
#50     ComponentElement.performRebuild (package:flutter/src/widgets/framework.dart:5841:16)
#51     Element.rebuild (package:flutter/src/widgets/framework.dart:5529:7)
#52     ProxyElement.update (package:flutter/src/widgets/framework.dart:6149:5)
#53     Element.updateChild (package:flutter/src/widgets/framework.dart:4037:15)
#54     ComponentElement.performRebuild (package:flutter/src/widgets/framework.dart:5841:16)
#55     StatefulElement.performRebuild (package:flutter/src/widgets/framework.dart:5982:11)
#56     Element.rebuild (package:flutter/src/widgets/framework.dart:5529:7)
#57     StatefulElement.update (package:flutter/src/widgets/framework.dart:6007:5)
#58     Element.updateChild (package:flutter/src/widgets/framework.dart:4037:15)
#59     ComponentElement.performRebuild (package:flutter/src/widgets/framework.dart:5841:16)
#60     Element.rebuild (package:flutter/src/widgets/framework.dart:5529:7)
#61     ProxyElement.update (package:flutter/src/widgets/framework.dart:6149:5)
#62     Element.updateChild (package:flutter/src/widgets/framework.dart:4037:15)
#63     ComponentElement.performRebuild (package:flutter/src/widgets/framework.dart:5841:16)
#64     StatefulElement.performRebuild (package:flutter/src/widgets/framework.dart:5982:11)
#65     Element.rebuild (package:flutter/src/widgets/framework.dart:5529:7)
#66     StatefulElement.update (package:flutter/src/widgets/framework.dart:6007:5)
#67     Element.updateChild (package:flutter/src/widgets/framework.dart:4037:15)
#68     SingleChildRenderObjectElement.update (package:flutter/src/widgets/framework.dart:7122:14)
#69     Element.updateChild (package:flutter/src/widgets/framework.dart:4037:15)
#70     SingleChildRenderObjectElement.update (package:flutter/src/widgets/framework.dart:7122:14)
#71     Element.updateChild (package:flutter/src/widgets/framework.dart:4037:15)
#72     Element.updateChildren (package:flutter/src/widgets/framework.dart:4191:32)
#73     MultiChildRenderObjectElement.update (package:flutter/src/widgets/framework.dart:7295:17)
#74     Element.updateChild (package:flutter/src/widgets/framework.dart:4037:15)
#75     ComponentElement.performRebuild (package:flutter/src/widgets/framework.dart:5841:16)
#76     Element.rebuild (package:flutter/src/widgets/framework.dart:5529:7)
#77     ProxyElement.update (package:flutter/src/widgets/framework.dart:6149:5)
#78     Element.updateChild (package:flutter/src/widgets/framework.dart:4037:15)
#79     ComponentElement.performRebuild (package:flutter/src/widgets/framework.dart:5841:16)
#80     StatefulElement.performRebuild (package:flutter/src/widgets/framework.dart:5982:11)
#81     Element.rebuild (package:flutter/src/widgets/framework.dart:5529:7)
#82     StatefulElement.update (package:flutter/src/widgets/framework.dart:6007:5)
#83     Element.updateChild (package:flutter/src/widgets/framework.dart:4037:15)
#84     ComponentElement.performRebuild (package:flutter/src/widgets/framework.dart:5841:16)
#85     StatefulElement.performRebuild (package:flutter/src/widgets/framework.dart:5982:11)
#86     Element.rebuild (package:flutter/src/widgets/framework.dart:5529:7)
#87     StatefulElement.update (package:flutter/src/widgets/framework.dart:6007:5)
#88     Element.updateChild (package:flutter/src/widgets/framework.dart:4037:15)
#89     Element.updateChildren (package:flutter/src/widgets/framework.dart:4191:32)
#90     MultiChildRenderObjectElement.update (package:flutter/src/widgets/framework.dart:7295:17)
#91     Element.updateChild (package:flutter/src/widgets/framework.dart:4037:15)
#92     ComponentElement.performRebuild (package:flutter/src/widgets/framework.dart:5841:16)
#93     Element.rebuild (package:flutter/src/widgets/framework.dart:5529:7)
#94     ProxyElement.update (package:flutter/src/widgets/framework.dart:6149:5)
#95     Element.updateChild (package:flutter/src/widgets/framework.dart:4037:15)
#96     Element.updateChildren (package:flutter/src/widgets/framework.dart:4191:32)
#97     MultiChildRenderObjectElement.update (package:flutter/src/widgets/framework.dart:7295:17)
#98     Element.updateChild (package:flutter/src/widgets/framework.dart:4037:15)
#99     SingleChildRenderObjectElement.update (package:flutter/src/widgets/framework.dart:7122:14)
#100    Element.updateChild (package:flutter/src/widgets/framework.dart:4037:15)
#101    Element.updateChildren (package:flutter/src/widgets/framework.dart:4191:32)
#102    MultiChildRenderObjectElement.update (package:flutter/src/widgets/framework.dart:7295:17)
#103    Element.updateChild (package:flutter/src/widgets/framework.dart:4037:15)
#104    SingleChildRenderObjectElement.update (package:flutter/src/widgets/framework.dart:7122:14)
#105    Element.updateChild (package:flutter/src/widgets/framework.dart:4037:15)
#106    SingleChildRenderObjectElement.update (package:flutter/src/widgets/framework.dart:7122:14)
#107    Element.updateChild (package:flutter/src/widgets/framework.dart:4037:15)
#108    SingleChildRenderObjectElement.update (package:flutter/src/widgets/framework.dart:7122:14)
#109    Element.updateChild (package:flutter/src/widgets/framework.dart:4037:15)
#110    SingleChildRenderObjectElement.update (package:flutter/src/widgets/framework.dart:7122:14)
#111    Element.updateChild (package:flutter/src/widgets/framework.dart:4037:15)
#112    SingleChildRenderObjectElement.update (package:flutter/src/widgets/framework.dart:7122:14)
#113    Element.updateChild (package:flutter/src/widgets/framework.dart:4037:15)
#114    SingleChildRenderObjectElement.update (package:flutter/src/widgets/framework.dart:7122:14)
#115    Element.updateChild (package:flutter/src/widgets/framework.dart:4037:15)
#116    ComponentElement.performRebuild (package:flutter/src/widgets/framework.dart:5841:16)
#117    StatefulElement.performRebuild (package:flutter/src/widgets/framework.dart:5982:11)
#118    Element.rebuild (package:flutter/src/widgets/framework.dart:5529:7)
#119    StatefulElement.update (package:flutter/src/widgets/framework.dart:6007:5)
#120    Element.updateChild (package:flutter/src/widgets/framework.dart:4037:15)
#121    SingleChildRenderObjectElement.update (package:flutter/src/widgets/framework.dart:7122:14)
#122    Element.updateChild (package:flutter/src/widgets/framework.dart:4037:15)
#123    ComponentElement.performRebuild (package:flutter/src/widgets/framework.dart:5841:16)
#124    Element.rebuild (package:flutter/src/widgets/framework.dart:5529:7)
#125    ProxyElement.update (package:flutter/src/widgets/framework.dart:6149:5)
#126    Element.updateChild (package:flutter/src/widgets/framework.dart:4037:15)
#127    SingleChildRenderObjectElement.update (package:flutter/src/widgets/framework.dart:7122:14)
#128    Element.updateChild (package:flutter/src/widgets/framework.dart:4037:15)
#129    ComponentElement.performRebuild (package:flutter/src/widgets/framework.dart:5841:16)
#130    Element.rebuild (package:flutter/src/widgets/framework.dart:5529:7)
#131    ProxyElement.update (package:flutter/src/widgets/framework.dart:6149:5)
#132    Element.updateChild (package:flutter/src/widgets/framework.dart:4037:15)
#133    ComponentElement.performRebuild (package:flutter/src/widgets/framework.dart:5841:16)
#134    StatefulElement.performRebuild (package:flutter/src/widgets/framework.dart:5982:11)
#135    Element.rebuild (package:flutter/src/widgets/framework.dart:5529:7)
#136    StatefulElement.update (package:flutter/src/widgets/framework.dart:6007:5)
#137    Element.updateChild (package:flutter/src/widgets/framework.dart:4037:15)
#138    ComponentElement.performRebuild (package:flutter/src/widgets/framework.dart:5841:16)
#139    Element.rebuild (package:flutter/src/widgets/framework.dart:5529:7)
#140    ProxyElement.update (package:flutter/src/widgets/framework.dart:6149:5)
#141    Element.updateChild (package:flutter/src/widgets/framework.dart:4037:15)
#142    ComponentElement.performRebuild (package:flutter/src/widgets/framework.dart:5841:16)
#143    Element.rebuild (package:flutter/src/widgets/framework.dart:5529:7)
#144    StatelessElement.update (package:flutter/src/widgets/framework.dart:5895:5)
#145    Element.updateChild (package:flutter/src/widgets/framework.dart:4037:15)
#146    ComponentElement.performRebuild (package:flutter/src/widgets/framework.dart:5841:16)
#147    Element.rebuild (package:flutter/src/widgets/framework.dart:5529:7)
#148    ProxyElement.update (package:flutter/src/widgets/framework.dart:6149:5)
#149    Element.updateChild (package:flutter/src/widgets/framework.dart:4037:15)
#150    Element.updateChildren (package:flutter/src/widgets/framework.dart:4191:32)
#151    MultiChildRenderObjectElement.update (package:flutter/src/widgets/framework.dart:7295:17)
#152    Element.updateChild (package:flutter/src/widgets/framework.dart:4037:15)
#153    SingleChildRenderObjectElement.update (package:flutter/src/widgets/framework.dart:7122:14)
#154    Element.updateChild (package:flutter/src/widgets/framework.dart:4037:15)
#155    ComponentElement.performRebuild (package:flutter/src/widgets/framework.dart:5841:16)
#156    Element.rebuild (package:flutter/src/widgets/framework.dart:5529:7)
#157    StatelessElement.update (package:flutter/src/widgets/framework.dart:5895:5)
#158    Element.updateChild (package:flutter/src/widgets/framework.dart:4037:15)
#159    ComponentElement.performRebuild (package:flutter/src/widgets/framework.dart:5841:16)
#160    Element.rebuild (package:flutter/src/widgets/framework.dart:5529:7)
#161    StatelessElement.update (package:flutter/src/widgets/framework.dart:5895:5)
#162    Element.updateChild (package:flutter/src/widgets/framework.dart:4037:15)
#163    ComponentElement.performRebuild (package:flutter/src/widgets/framework.dart:5841:16)
#164    Element.rebuild (package:flutter/src/widgets/framework.dart:5529:7)
#165    ProxyElement.update (package:flutter/src/widgets/framework.dart:6149:5)
#166    Element.updateChild (package:flutter/src/widgets/framework.dart:4037:15)
#167    ComponentElement.performRebuild (package:flutter/src/widgets/framework.dart:5841:16)
#168    Element.rebuild (package:flutter/src/widgets/framework.dart:5529:7)
#169    ProxyElement.update (package:flutter/src/widgets/framework.dart:6149:5)
#170    Element.updateChild (package:flutter/src/widgets/framework.dart:4037:15)
#171    Element.updateChildren (package:flutter/src/widgets/framework.dart:4191:32)
#172    MultiChildRenderObjectElement.update (package:flutter/src/widgets/framework.dart:7295:17)
#173    Element.updateChild (package:flutter/src/widgets/framework.dart:4037:15)
#174    ComponentElement.performRebuild (package:flutter/src/widgets/framework.dart:5841:16)
#175    Element.rebuild (package:flutter/src/widgets/framework.dart:5529:7)
#176    ProxyElement.update (package:flutter/src/widgets/framework.dart:6149:5)
#177    Element.updateChild (package:flutter/src/widgets/framework.dart:4037:15)
#178    ComponentElement.performRebuild (package:flutter/src/widgets/framework.dart:5841:16)
#179    StatefulElement.performRebuild (package:flutter/src/widgets/framework.dart:5982:11)
#180    Element.rebuild (package:flutter/src/widgets/framework.dart:5529:7)
#181    StatefulElement.update (package:flutter/src/widgets/framework.dart:6007:5)
#182    Element.updateChild (package:flutter/src/widgets/framework.dart:4037:15)
#183    ComponentElement.performRebuild (package:flutter/src/widgets/framework.dart:5841:16)
#184    StatefulElement.performRebuild (package:flutter/src/widgets/framework.dart:5982:11)
#185    Element.rebuild (package:flutter/src/widgets/framework.dart:5529:7)
#186    StatefulElement.update (package:flutter/src/widgets/framework.dart:6007:5)
#187    Element.updateChild (package:flutter/src/widgets/framework.dart:4037:15)
#188    ComponentElement.performRebuild (package:flutter/src/widgets/framework.dart:5841:16)
#189    Element.rebuild (package:flutter/src/widgets/framework.dart:5529:7)
#190    ProxyElement.update (package:flutter/src/widgets/framework.dart:6149:5)
#191    Element.updateChild (package:flutter/src/widgets/framework.dart:4037:15)
#192    ComponentElement.performRebuild (package:flutter/src/widgets/framework.dart:5841:16)
#193    StatefulElement.performRebuild (package:flutter/src/widgets/framework.dart:5982:11)
#194    Element.rebuild (package:flutter/src/widgets/framework.dart:5529:7)
#195    StatefulElement.update (package:flutter/src/widgets/framework.dart:6007:5)
#196    Element.updateChild (package:flutter/src/widgets/framework.dart:4037:15)
#197    SingleChildRenderObjectElement.update (package:flutter/src/widgets/framework.dart:7122:14)
#198    Element.updateChild (package:flutter/src/widgets/framework.dart:4037:15)
#199    ComponentElement.performRebuild (package:flutter/src/widgets/framework.dart:5841:16)
#200    Element.rebuild (package:flutter/src/widgets/framework.dart:5529:7)
#201    ProxyElement.update (package:flutter/src/widgets/framework.dart:6149:5)
#202    Element.updateChild (package:flutter/src/widgets/framework.dart:4037:15)
#203    SingleChildRenderObjectElement.update (package:flutter/src/widgets/framework.dart:7122:14)
#204    Element.updateChild (package:flutter/src/widgets/framework.dart:4037:15)
#205    ComponentElement.performRebuild (package:flutter/src/widgets/framework.dart:5841:16)
#206    StatefulElement.performRebuild (package:flutter/src/widgets/framework.dart:5982:11)
#207    Element.rebuild (package:flutter/src/widgets/framework.dart:5529:7)
#208    StatefulElement.update (package:flutter/src/widgets/framework.dart:6007:5)
#209    Element.updateChild (package:flutter/src/widgets/framework.dart:4037:15)
#210    ComponentElement.performRebuild (package:flutter/src/widgets/framework.dart:5841:16)
#211    StatefulElement.performRebuild (package:flutter/src/widgets/framework.dart:5982:11)
#212    Element.rebuild (package:flutter/src/widgets/framework.dart:5529:7)
#213    StatefulElement.update (package:flutter/src/widgets/framework.dart:6007:5)
#214    Element.updateChild (package:flutter/src/widgets/framework.dart:4037:15)
#215    ComponentElement.performRebuild (package:flutter/src/widgets/framework.dart:5841:16)
#216    Element.rebuild (package:flutter/src/widgets/framework.dart:5529:7)
#217    ProxyElement.update (package:flutter/src/widgets/framework.dart:6149:5)
#218    Element.updateChild (package:flutter/src/widgets/framework.dart:4037:15)
#219    ComponentElement.performRebuild (package:flutter/src/widgets/framework.dart:5841:16)
#220    Element.rebuild (package:flutter/src/widgets/framework.dart:5529:7)
#221    ProxyElement.update (package:flutter/src/widgets/framework.dart:6149:5)
#222    Element.updateChild (package:flutter/src/widgets/framework.dart:4037:15)
#223    ComponentElement.performRebuild (package:flutter/src/widgets/framework.dart:5841:16)
#224    Element.rebuild (package:flutter/src/widgets/framework.dart:5529:7)
#225    ProxyElement.update (package:flutter/src/widgets/framework.dart:6149:5)
#226    Element.updateChild (package:flutter/src/widgets/framework.dart:4037:15)
#227    ComponentElement.performRebuild (package:flutter/src/widgets/framework.dart:5841:16)
#228    StatefulElement.performRebuild (package:flutter/src/widgets/framework.dart:5982:11)
#229    Element.rebuild (package:flutter/src/widgets/framework.dart:5529:7)
#230    StatefulElement.update (package:flutter/src/widgets/framework.dart:6007:5)
#231    Element.updateChild (package:flutter/src/widgets/framework.dart:4037:15)
#232    ComponentElement.performRebuild (package:flutter/src/widgets/framework.dart:5841:16)
#233    Element.rebuild (package:flutter/src/widgets/framework.dart:5529:7)
#234    ProxyElement.update (package:flutter/src/widgets/framework.dart:6149:5)
#235    Element.updateChild (package:flutter/src/widgets/framework.dart:4037:15)
#236    ComponentElement.performRebuild (package:flutter/src/widgets/framework.dart:5841:16)
#237    StatefulElement.performRebuild (package:flutter/src/widgets/framework.dart:5982:11)
#238    Element.rebuild (package:flutter/src/widgets/framework.dart:5529:7)
#239    StatefulElement.update (package:flutter/src/widgets/framework.dart:6007:5)
#240    Element.updateChild (package:flutter/src/widgets/framework.dart:4037:15)
#241    ComponentElement.performRebuild (package:flutter/src/widgets/framework.dart:5841:16)
#242    Element.rebuild (package:flutter/src/widgets/framework.dart:5529:7)
#243    ProxyElement.update (package:flutter/src/widgets/framework.dart:6149:5)
#244    Element.updateChild (package:flutter/src/widgets/framework.dart:4037:15)
#245    ComponentElement.performRebuild (package:flutter/src/widgets/framework.dart:5841:16)
#246    Element.rebuild (package:flutter/src/widgets/framework.dart:5529:7)
#247    ProxyElement.update (package:flutter/src/widgets/framework.dart:6149:5)
#248    Element.updateChild (package:flutter/src/widgets/framework.dart:4037:15)
#249    ComponentElement.performRebuild (package:flutter/src/widgets/framework.dart:5841:16)
#250    Element.rebuild (package:flutter/src/widgets/framework.dart:5529:7)
#251    ProxyElement.update (package:flutter/src/widgets/framework.dart:6149:5)
#252    Element.updateChild (package:flutter/src/widgets/framework.dart:4037:15)
#253    ComponentElement.performRebuild (package:flutter/src/widgets/framework.dart:5841:16)
#254    Element.rebuild (package:flutter/src/widgets/framework.dart:5529:7)
#255    ProxyElement.update (package:flutter/src/widgets/framework.dart:6149:5)
#256    Element.updateChild (package:flutter/src/widgets/framework.dart:4037:15)
#257    ComponentElement.performRebuild (package:flutter/src/widgets/framework.dart:5841:16)
#258    Element.rebuild (package:flutter/src/widgets/framework.dart:5529:7)
#259    StatelessElement.update (package:flutter/src/widgets/framework.dart:5895:5)
#260    Element.updateChild (package:flutter/src/widgets/framework.dart:4037:15)
#261    ComponentElement.performRebuild (package:flutter/src/widgets/framework.dart:5841:16)
#262    Element.rebuild (package:flutter/src/widgets/framework.dart:5529:7)
#263    ProxyElement.update (package:flutter/src/widgets/framework.dart:6149:5)
#264    Element.updateChild (package:flutter/src/widgets/framework.dart:4037:15)
#265    ComponentElement.performRebuild (package:flutter/src/widgets/framework.dart:5841:16)
#266    Element.rebuild (package:flutter/src/widgets/framework.dart:5529:7)
#267    StatelessElement.update (package:flutter/src/widgets/framework.dart:5895:5)
#268    Element.updateChild (package:flutter/src/widgets/framework.dart:4037:15)
#269    ComponentElement.performRebuild (package:flutter/src/widgets/framework.dart:5841:16)
#270    Element.rebuild (package:flutter/src/widgets/framework.dart:5529:7)
#271    ProxyElement.update (package:flutter/src/widgets/framework.dart:6149:5)
#272    Element.updateChild (package:flutter/src/widgets/framework.dart:4037:15)
#273    ComponentElement.performRebuild (package:flutter/src/widgets/framework.dart:5841:16)
#274    StatefulElement.performRebuild (package:flutter/src/widgets/framework.dart:5982:11)
#275    Element.rebuild (package:flutter/src/widgets/framework.dart:5529:7)
#276    StatefulElement.update (package:flutter/src/widgets/framework.dart:6007:5)
#277    Element.updateChild (package:flutter/src/widgets/framework.dart:4037:15)
#278    ComponentElement.performRebuild (package:flutter/src/widgets/framework.dart:5841:16)
#279    Element.rebuild (package:flutter/src/widgets/framework.dart:5529:7)
#280    ProxyElement.update (package:flutter/src/widgets/framework.dart:6149:5)
#281    Element.updateChild (package:flutter/src/widgets/framework.dart:4037:15)
#282    ComponentElement.performRebuild (package:flutter/src/widgets/framework.dart:5841:16)
#283    StatefulElement.performRebuild (package:flutter/src/widgets/framework.dart:5982:11)
#284    Element.rebuild (package:flutter/src/widgets/framework.dart:5529:7)
#285    StatefulElement.update (package:flutter/src/widgets/framework.dart:6007:5)
#286    Element.updateChild (package:flutter/src/widgets/framework.dart:4037:15)
#287    SingleChildRenderObjectElement.update (package:flutter/src/widgets/framework.dart:7122:14)
#288    Element.updateChild (package:flutter/src/widgets/framework.dart:4037:15)
#289    ComponentElement.performRebuild (package:flutter/src/widgets/framework.dart:5841:16)
#290    Element.rebuild (package:flutter/src/widgets/framework.dart:5529:7)
#291    ProxyElement.update (package:flutter/src/widgets/framework.dart:6149:5)
#292    Element.updateChild (package:flutter/src/widgets/framework.dart:4037:15)
#293    SingleChildRenderObjectElement.update (package:flutter/src/widgets/framework.dart:7122:14)
#294    Element.updateChild (package:flutter/src/widgets/framework.dart:4037:15)
#295    ComponentElement.performRebuild (package:flutter/src/widgets/framework.dart:5841:16)
#296    Element.rebuild (package:flutter/src/widgets/framework.dart:5529:7)
#297    StatelessElement.update (package:flutter/src/widgets/framework.dart:5895:5)
#298    Element.updateChild (package:flutter/src/widgets/framework.dart:4037:15)
#299    SingleChildRenderObjectElement.update (package:flutter/src/widgets/framework.dart:7122:14)
#300    Element.updateChild (package:flutter/src/widgets/framework.dart:4037:15)
#301    ComponentElement.performRebuild (package:flutter/src/widgets/framework.dart:5841:16)
#302    StatefulElement.performRebuild (package:flutter/src/widgets/framework.dart:5982:11)
#303    Element.rebuild (package:flutter/src/widgets/framework.dart:5529:7)
#304    StatefulElement.update (package:flutter/src/widgets/framework.dart:6007:5)
#305    Element.updateChild (package:flutter/src/widgets/framework.dart:4037:15)
#306    ComponentElement.performRebuild (package:flutter/src/widgets/framework.dart:5841:16)
#307    StatefulElement.performRebuild (package:flutter/src/widgets/framework.dart:5982:11)
#308    Element.rebuild (package:flutter/src/widgets/framework.dart:5529:7)
#309    StatefulElement.update (package:flutter/src/widgets/framework.dart:6007:5)
#310    Element.updateChild (package:flutter/src/widgets/framework.dart:4037:15)
#311    SingleChildRenderObjectElement.update (package:flutter/src/widgets/framework.dart:7122:14)
#312    Element.updateChild (package:flutter/src/widgets/framework.dart:4037:15)
#313    SingleChildRenderObjectElement.update (package:flutter/src/widgets/framework.dart:7122:14)
#314    Element.updateChild (package:flutter/src/widgets/framework.dart:4037:15)
#315    ComponentElement.performRebuild (package:flutter/src/widgets/framework.dart:5841:16)
#316    Element.rebuild (package:flutter/src/widgets/framework.dart:5529:7)
#317    ProxyElement.update (package:flutter/src/widgets/framework.dart:6149:5)
#318    Element.updateChild (package:flutter/src/widgets/framework.dart:4037:15)
#319    SingleChildRenderObjectElement.update (package:flutter/src/widgets/framework.dart:7122:14)
#320    Element.updateChild (package:flutter/src/widgets/framework.dart:4037:15)
#321    ComponentElement.performRebuild (package:flutter/src/widgets/framework.dart:5841:16)
#322    StatefulElement.performRebuild (package:flutter/src/widgets/framework.dart:5982:11)
#323    Element.rebuild (package:flutter/src/widgets/framework.dart:5529:7)
#324    StatefulElement.update (package:flutter/src/widgets/framework.dart:6007:5)
#325    Element.updateChild (package:flutter/src/widgets/framework.dart:4037:15)
#326    SingleChildRenderObjectElement.update (package:flutter/src/widgets/framework.dart:7122:14)
#327    Element.updateChild (package:flutter/src/widgets/framework.dart:4037:15)
#328    ComponentElement.performRebuild (package:flutter/src/widgets/framework.dart:5841:16)
#329    Element.rebuild (package:flutter/src/widgets/framework.dart:5529:7)
#330    StatelessElement.update (package:flutter/src/widgets/framework.dart:5895:5)
#331    Element.updateChild (package:flutter/src/widgets/framework.dart:4037:15)
#332    ComponentElement.performRebuild (package:flutter/src/widgets/framework.dart:5841:16)
#333    StatefulElement.performRebuild (package:flutter/src/widgets/framework.dart:5982:11)
#334    Element.rebuild (package:flutter/src/widgets/framework.dart:5529:7)
#335    BuildScope._tryRebuild (package:flutter/src/widgets/framework.dart:2750:15)
#336    BuildScope._flushDirtyElements (package:flutter/src/widgets/framework.dart:2807:11)
#337    BuildOwner.buildScope (package:flutter/src/widgets/framework.dart:3111:18)
#338    AutomatedTestWidgetsFlutterBinding.drawFrame (package:flutter_test/src/binding.dart:2131:19)
#339    RendererBinding._handlePersistentFrameCallback (package:flutter/src/rendering/binding.dart:495:5)
#340    SchedulerBinding._invokeFrameCallback (package:flutter/src/scheduler/binding.dart:1430:15)
#341    SchedulerBinding.handleDrawFrame (package:flutter/src/scheduler/binding.dart:1345:9)
#342    AutomatedTestWidgetsFlutterBinding.pump.<anonymous closure> (package:flutter_test/src/binding.dart:1960:9)
#345    TestAsyncUtils.guard (package:flutter_test/src/test_async_utils.dart:74:41)
#346    AutomatedTestWidgetsFlutterBinding.pump (package:flutter_test/src/binding.dart:1949:27)
#347    WidgetTester.pumpAndSettle.<anonymous closure> (package:flutter_test/src/widget_tester.dart:719:23)
<asynchronous suspension>
#348    TestAsyncUtils.guard.<anonymous closure> (package:flutter_test/src/test_async_utils.dart:130:27)
<asynchronous suspension>
#349    main.openAndSubmitDialog (file:///Users/mba_hd/Development/Flutter/Projects/arrow_ops/test/features/customer/presentation/customer_form_dialog_city_validation_test.dart:61:5)
<asynchronous suspension>
#350    main.<anonymous closure> (file:///Users/mba_hd/Development/Flutter/Projects/arrow_ops/test/features/customer/presentation/customer_form_dialog_city_validation_test.dart:70:20)
<asynchronous suspension>
#351    testWidgets.<anonymous closure>.<anonymous closure> (package:flutter_test/src/widget_tester.dart:192:15)
<asynchronous suspension>
#352    TestWidgetsFlutterBinding._runTestBody (package:flutter_test/src/binding.dart:1682:5)
<asynchronous suspension>
<asynchronous suspension>
(elided 3 frames from dart:async and package:stack_trace)

════════════════════════════════════════════════════════════════════════════════════════════════════
══╡ EXCEPTION CAUGHT BY WIDGETS LIBRARY ╞═══════════════════════════════════════════════════════════
The following assertion was thrown building Builder-[LabeledGlobalKey<_RawMenuAnchorState>#d2274
MenuAnchor](dependencies: [_LocalizationsScope-[GlobalKey#24768]]):
No MaterialLocalizations found.
Builder widgets require MaterialLocalizations to be provided by a Localizations widget ancestor.
The material library uses Localizations to generate messages, labels, and abbreviations.
To introduce a MaterialLocalizations, either use a MaterialApp at the root of your application to
include them automatically, or add a Localization widget with a MaterialLocalizations delegate.
The specific widget that could not find a MaterialLocalizations ancestor was:
  Builder-[LabeledGlobalKey<_RawMenuAnchorState>#d2274 MenuAnchor]
The ancestors of this widget were:
  ...
  TapRegion
  _FocusInheritedScope
  Focus
  Shortcuts
  Semantics
  ...

The relevant error-causing widget was:
  DropdownMenu<String>
  DropdownMenu:file:///Users/mba_hd/Development/Flutter/Projects/arrow_ops/lib/features/customer/presentation/widgets/customer_form_dialog.dart:914:12

When the exception was thrown, this was the stack:
#0      debugCheckHasMaterialLocalizations.<anonymous closure> (package:flutter/src/material/debug.dart:97:7)
#1      debugCheckHasMaterialLocalizations (package:flutter/src/material/debug.dart:117:4)
#2      MaterialLocalizations.of (package:flutter/src/material/material_localizations.dart:717:12)
#3      _DropdownMenuState.build.<anonymous closure> (package:flutter/src/material/dropdown_menu.dart:1251:75)
#4      _RawMenuAnchorState.buildAnchor.<anonymous closure> (package:flutter/src/widgets/raw_menu_anchor.dart:813:36)
#5      Builder.build (package:flutter/src/widgets/basic.dart:8396:48)
#6      StatelessElement.build (package:flutter/src/widgets/framework.dart:5889:49)
#7      ComponentElement.performRebuild (package:flutter/src/widgets/framework.dart:5817:15)
#8      Element.rebuild (package:flutter/src/widgets/framework.dart:5529:7)
#9      StatelessElement.update (package:flutter/src/widgets/framework.dart:5895:5)
#10     Element.updateChild (package:flutter/src/widgets/framework.dart:4037:15)
#11     SingleChildRenderObjectElement.update (package:flutter/src/widgets/framework.dart:7122:14)
#12     Element.updateChild (package:flutter/src/widgets/framework.dart:4037:15)
#13     ComponentElement.performRebuild (package:flutter/src/widgets/framework.dart:5841:16)
#14     Element.rebuild (package:flutter/src/widgets/framework.dart:5529:7)
#15     ProxyElement.update (package:flutter/src/widgets/framework.dart:6149:5)
#16     _InheritedNotifierElement.update (package:flutter/src/widgets/inherited_notifier.dart:108:11)
#17     Element.updateChild (package:flutter/src/widgets/framework.dart:4037:15)
#18     ComponentElement.performRebuild (package:flutter/src/widgets/framework.dart:5841:16)
#19     StatefulElement.performRebuild (package:flutter/src/widgets/framework.dart:5982:11)
#20     Element.rebuild (package:flutter/src/widgets/framework.dart:5529:7)
#21     StatefulElement.update (package:flutter/src/widgets/framework.dart:6007:5)
#22     Element.updateChild (package:flutter/src/widgets/framework.dart:4037:15)
#23     ComponentElement.performRebuild (package:flutter/src/widgets/framework.dart:5841:16)
#24     StatefulElement.performRebuild (package:flutter/src/widgets/framework.dart:5982:11)
#25     Element.rebuild (package:flutter/src/widgets/framework.dart:5529:7)
#26     StatefulElement.update (package:flutter/src/widgets/framework.dart:6007:5)
#27     Element.updateChild (package:flutter/src/widgets/framework.dart:4037:15)
#28     SingleChildRenderObjectElement.update (package:flutter/src/widgets/framework.dart:7122:14)
#29     Element.updateChild (package:flutter/src/widgets/framework.dart:4037:15)
#30     _OverlayPortalElement.update (package:flutter/src/widgets/overlay.dart:2313:14)
#31     Element.updateChild (package:flutter/src/widgets/framework.dart:4037:15)
#32     ComponentElement.performRebuild (package:flutter/src/widgets/framework.dart:5841:16)
#33     StatefulElement.performRebuild (package:flutter/src/widgets/framework.dart:5982:11)
#34     Element.rebuild (package:flutter/src/widgets/framework.dart:5529:7)
#35     StatefulElement.update (package:flutter/src/widgets/framework.dart:6007:5)
#36     Element.updateChild (package:flutter/src/widgets/framework.dart:4037:15)
#37     ComponentElement.performRebuild (package:flutter/src/widgets/framework.dart:5841:16)
#38     Element.rebuild (package:flutter/src/widgets/framework.dart:5529:7)
#39     StatelessElement.update (package:flutter/src/widgets/framework.dart:5895:5)
#40     Element.updateChild (package:flutter/src/widgets/framework.dart:4037:15)
#41     ComponentElement.performRebuild (package:flutter/src/widgets/framework.dart:5841:16)
#42     Element.rebuild (package:flutter/src/widgets/framework.dart:5529:7)
#43     ProxyElement.update (package:flutter/src/widgets/framework.dart:6149:5)
#44     Element.updateChild (package:flutter/src/widgets/framework.dart:4037:15)
#45     ComponentElement.performRebuild (package:flutter/src/widgets/framework.dart:5841:16)
#46     StatefulElement.performRebuild (package:flutter/src/widgets/framework.dart:5982:11)
#47     Element.rebuild (package:flutter/src/widgets/framework.dart:5529:7)
#48     StatefulElement.update (package:flutter/src/widgets/framework.dart:6007:5)
#49     Element.updateChild (package:flutter/src/widgets/framework.dart:4037:15)
#50     ComponentElement.performRebuild (package:flutter/src/widgets/framework.dart:5841:16)
#51     Element.rebuild (package:flutter/src/widgets/framework.dart:5529:7)
#52     ProxyElement.update (package:flutter/src/widgets/framework.dart:6149:5)
#53     Element.updateChild (package:flutter/src/widgets/framework.dart:4037:15)
#54     ComponentElement.performRebuild (package:flutter/src/widgets/framework.dart:5841:16)
#55     StatefulElement.performRebuild (package:flutter/src/widgets/framework.dart:5982:11)
#56     Element.rebuild (package:flutter/src/widgets/framework.dart:5529:7)
#57     StatefulElement.update (package:flutter/src/widgets/framework.dart:6007:5)
#58     Element.updateChild (package:flutter/src/widgets/framework.dart:4037:15)
#59     ComponentElement.performRebuild (package:flutter/src/widgets/framework.dart:5841:16)
#60     Element.rebuild (package:flutter/src/widgets/framework.dart:5529:7)
#61     ProxyElement.update (package:flutter/src/widgets/framework.dart:6149:5)
#62     Element.updateChild (package:flutter/src/widgets/framework.dart:4037:15)
#63     ComponentElement.performRebuild (package:flutter/src/widgets/framework.dart:5841:16)
#64     StatefulElement.performRebuild (package:flutter/src/widgets/framework.dart:5982:11)
#65     Element.rebuild (package:flutter/src/widgets/framework.dart:5529:7)
#66     StatefulElement.update (package:flutter/src/widgets/framework.dart:6007:5)
#67     Element.updateChild (package:flutter/src/widgets/framework.dart:4037:15)
#68     SingleChildRenderObjectElement.update (package:flutter/src/widgets/framework.dart:7122:14)
#69     Element.updateChild (package:flutter/src/widgets/framework.dart:4037:15)
#70     SingleChildRenderObjectElement.update (package:flutter/src/widgets/framework.dart:7122:14)
#71     Element.updateChild (package:flutter/src/widgets/framework.dart:4037:15)
#72     Element.updateChildren (package:flutter/src/widgets/framework.dart:4191:32)
#73     MultiChildRenderObjectElement.update (package:flutter/src/widgets/framework.dart:7295:17)
#74     Element.updateChild (package:flutter/src/widgets/framework.dart:4037:15)
#75     ComponentElement.performRebuild (package:flutter/src/widgets/framework.dart:5841:16)
#76     Element.rebuild (package:flutter/src/widgets/framework.dart:5529:7)
#77     ProxyElement.update (package:flutter/src/widgets/framework.dart:6149:5)
#78     Element.updateChild (package:flutter/src/widgets/framework.dart:4037:15)
#79     ComponentElement.performRebuild (package:flutter/src/widgets/framework.dart:5841:16)
#80     StatefulElement.performRebuild (package:flutter/src/widgets/framework.dart:5982:11)
#81     Element.rebuild (package:flutter/src/widgets/framework.dart:5529:7)
#82     StatefulElement.update (package:flutter/src/widgets/framework.dart:6007:5)
#83     Element.updateChild (package:flutter/src/widgets/framework.dart:4037:15)
#84     ComponentElement.performRebuild (package:flutter/src/widgets/framework.dart:5841:16)
#85     StatefulElement.performRebuild (package:flutter/src/widgets/framework.dart:5982:11)
#86     Element.rebuild (package:flutter/src/widgets/framework.dart:5529:7)
#87     StatefulElement.update (package:flutter/src/widgets/framework.dart:6007:5)
#88     Element.updateChild (package:flutter/src/widgets/framework.dart:4037:15)
#89     Element.updateChildren (package:flutter/src/widgets/framework.dart:4191:32)
#90     MultiChildRenderObjectElement.update (package:flutter/src/widgets/framework.dart:7295:17)
#91     Element.updateChild (package:flutter/src/widgets/framework.dart:4037:15)
#92     ComponentElement.performRebuild (package:flutter/src/widgets/framework.dart:5841:16)
#93     Element.rebuild (package:flutter/src/widgets/framework.dart:5529:7)
#94     ProxyElement.update (package:flutter/src/widgets/framework.dart:6149:5)
#95     Element.updateChild (package:flutter/src/widgets/framework.dart:4037:15)
#96     Element.updateChildren (package:flutter/src/widgets/framework.dart:4191:32)
#97     MultiChildRenderObjectElement.update (package:flutter/src/widgets/framework.dart:7295:17)
#98     Element.updateChild (package:flutter/src/widgets/framework.dart:4037:15)
#99     SingleChildRenderObjectElement.update (package:flutter/src/widgets/framework.dart:7122:14)
#100    Element.updateChild (package:flutter/src/widgets/framework.dart:4037:15)
#101    Element.updateChildren (package:flutter/src/widgets/framework.dart:4191:32)
#102    MultiChildRenderObjectElement.update (package:flutter/src/widgets/framework.dart:7295:17)
#103    Element.updateChild (package:flutter/src/widgets/framework.dart:4037:15)
#104    SingleChildRenderObjectElement.update (package:flutter/src/widgets/framework.dart:7122:14)
#105    Element.updateChild (package:flutter/src/widgets/framework.dart:4037:15)
#106    SingleChildRenderObjectElement.update (package:flutter/src/widgets/framework.dart:7122:14)
#107    Element.updateChild (package:flutter/src/widgets/framework.dart:4037:15)
#108    SingleChildRenderObjectElement.update (package:flutter/src/widgets/framework.dart:7122:14)
#109    Element.updateChild (package:flutter/src/widgets/framework.dart:4037:15)
#110    SingleChildRenderObjectElement.update (package:flutter/src/widgets/framework.dart:7122:14)
#111    Element.updateChild (package:flutter/src/widgets/framework.dart:4037:15)
#112    SingleChildRenderObjectElement.update (package:flutter/src/widgets/framework.dart:7122:14)
#113    Element.updateChild (package:flutter/src/widgets/framework.dart:4037:15)
#114    SingleChildRenderObjectElement.update (package:flutter/src/widgets/framework.dart:7122:14)
#115    Element.updateChild (package:flutter/src/widgets/framework.dart:4037:15)
#116    ComponentElement.performRebuild (package:flutter/src/widgets/framework.dart:5841:16)
#117    StatefulElement.performRebuild (package:flutter/src/widgets/framework.dart:5982:11)
#118    Element.rebuild (package:flutter/src/widgets/framework.dart:5529:7)
#119    StatefulElement.update (package:flutter/src/widgets/framework.dart:6007:5)
#120    Element.updateChild (package:flutter/src/widgets/framework.dart:4037:15)
#121    SingleChildRenderObjectElement.update (package:flutter/src/widgets/framework.dart:7122:14)
#122    Element.updateChild (package:flutter/src/widgets/framework.dart:4037:15)
#123    ComponentElement.performRebuild (package:flutter/src/widgets/framework.dart:5841:16)
#124    Element.rebuild (package:flutter/src/widgets/framework.dart:5529:7)
#125    ProxyElement.update (package:flutter/src/widgets/framework.dart:6149:5)
#126    Element.updateChild (package:flutter/src/widgets/framework.dart:4037:15)
#127    SingleChildRenderObjectElement.update (package:flutter/src/widgets/framework.dart:7122:14)
#128    Element.updateChild (package:flutter/src/widgets/framework.dart:4037:15)
#129    ComponentElement.performRebuild (package:flutter/src/widgets/framework.dart:5841:16)
#130    Element.rebuild (package:flutter/src/widgets/framework.dart:5529:7)
#131    ProxyElement.update (package:flutter/src/widgets/framework.dart:6149:5)
#132    Element.updateChild (package:flutter/src/widgets/framework.dart:4037:15)
#133    ComponentElement.performRebuild (package:flutter/src/widgets/framework.dart:5841:16)
#134    StatefulElement.performRebuild (package:flutter/src/widgets/framework.dart:5982:11)
#135    Element.rebuild (package:flutter/src/widgets/framework.dart:5529:7)
#136    StatefulElement.update (package:flutter/src/widgets/framework.dart:6007:5)
#137    Element.updateChild (package:flutter/src/widgets/framework.dart:4037:15)
#138    ComponentElement.performRebuild (package:flutter/src/widgets/framework.dart:5841:16)
#139    Element.rebuild (package:flutter/src/widgets/framework.dart:5529:7)
#140    ProxyElement.update (package:flutter/src/widgets/framework.dart:6149:5)
#141    Element.updateChild (package:flutter/src/widgets/framework.dart:4037:15)
#142    ComponentElement.performRebuild (package:flutter/src/widgets/framework.dart:5841:16)
#143    Element.rebuild (package:flutter/src/widgets/framework.dart:5529:7)
#144    StatelessElement.update (package:flutter/src/widgets/framework.dart:5895:5)
#145    Element.updateChild (package:flutter/src/widgets/framework.dart:4037:15)
#146    ComponentElement.performRebuild (package:flutter/src/widgets/framework.dart:5841:16)
#147    Element.rebuild (package:flutter/src/widgets/framework.dart:5529:7)
#148    ProxyElement.update (package:flutter/src/widgets/framework.dart:6149:5)
#149    Element.updateChild (package:flutter/src/widgets/framework.dart:4037:15)
#150    Element.updateChildren (package:flutter/src/widgets/framework.dart:4191:32)
#151    MultiChildRenderObjectElement.update (package:flutter/src/widgets/framework.dart:7295:17)
#152    Element.updateChild (package:flutter/src/widgets/framework.dart:4037:15)
#153    SingleChildRenderObjectElement.update (package:flutter/src/widgets/framework.dart:7122:14)
#154    Element.updateChild (package:flutter/src/widgets/framework.dart:4037:15)
#155    ComponentElement.performRebuild (package:flutter/src/widgets/framework.dart:5841:16)
#156    Element.rebuild (package:flutter/src/widgets/framework.dart:5529:7)
#157    StatelessElement.update (package:flutter/src/widgets/framework.dart:5895:5)
#158    Element.updateChild (package:flutter/src/widgets/framework.dart:4037:15)
#159    ComponentElement.performRebuild (package:flutter/src/widgets/framework.dart:5841:16)
#160    Element.rebuild (package:flutter/src/widgets/framework.dart:5529:7)
#161    StatelessElement.update (package:flutter/src/widgets/framework.dart:5895:5)
#162    Element.updateChild (package:flutter/src/widgets/framework.dart:4037:15)
#163    ComponentElement.performRebuild (package:flutter/src/widgets/framework.dart:5841:16)
#164    Element.rebuild (package:flutter/src/widgets/framework.dart:5529:7)
#165    ProxyElement.update (package:flutter/src/widgets/framework.dart:6149:5)
#166    Element.updateChild (package:flutter/src/widgets/framework.dart:4037:15)
#167    ComponentElement.performRebuild (package:flutter/src/widgets/framework.dart:5841:16)
#168    Element.rebuild (package:flutter/src/widgets/framework.dart:5529:7)
#169    ProxyElement.update (package:flutter/src/widgets/framework.dart:6149:5)
#170    Element.updateChild (package:flutter/src/widgets/framework.dart:4037:15)
#171    Element.updateChildren (package:flutter/src/widgets/framework.dart:4191:32)
#172    MultiChildRenderObjectElement.update (package:flutter/src/widgets/framework.dart:7295:17)
#173    Element.updateChild (package:flutter/src/widgets/framework.dart:4037:15)
#174    ComponentElement.performRebuild (package:flutter/src/widgets/framework.dart:5841:16)
#175    Element.rebuild (package:flutter/src/widgets/framework.dart:5529:7)
#176    ProxyElement.update (package:flutter/src/widgets/framework.dart:6149:5)
#177    Element.updateChild (package:flutter/src/widgets/framework.dart:4037:15)
#178    ComponentElement.performRebuild (package:flutter/src/widgets/framework.dart:5841:16)
#179    StatefulElement.performRebuild (package:flutter/src/widgets/framework.dart:5982:11)
#180    Element.rebuild (package:flutter/src/widgets/framework.dart:5529:7)
#181    StatefulElement.update (package:flutter/src/widgets/framework.dart:6007:5)
#182    Element.updateChild (package:flutter/src/widgets/framework.dart:4037:15)
#183    ComponentElement.performRebuild (package:flutter/src/widgets/framework.dart:5841:16)
#184    StatefulElement.performRebuild (package:flutter/src/widgets/framework.dart:5982:11)
#185    Element.rebuild (package:flutter/src/widgets/framework.dart:5529:7)
#186    StatefulElement.update (package:flutter/src/widgets/framework.dart:6007:5)
#187    Element.updateChild (package:flutter/src/widgets/framework.dart:4037:15)
#188    ComponentElement.performRebuild (package:flutter/src/widgets/framework.dart:5841:16)
#189    Element.rebuild (package:flutter/src/widgets/framework.dart:5529:7)
#190    ProxyElement.update (package:flutter/src/widgets/framework.dart:6149:5)
#191    Element.updateChild (package:flutter/src/widgets/framework.dart:4037:15)
#192    ComponentElement.performRebuild (package:flutter/src/widgets/framework.dart:5841:16)
#193    StatefulElement.performRebuild (package:flutter/src/widgets/framework.dart:5982:11)
#194    Element.rebuild (package:flutter/src/widgets/framework.dart:5529:7)
#195    StatefulElement.update (package:flutter/src/widgets/framework.dart:6007:5)
#196    Element.updateChild (package:flutter/src/widgets/framework.dart:4037:15)
#197    SingleChildRenderObjectElement.update (package:flutter/src/widgets/framework.dart:7122:14)
#198    Element.updateChild (package:flutter/src/widgets/framework.dart:4037:15)
#199    ComponentElement.performRebuild (package:flutter/src/widgets/framework.dart:5841:16)
#200    Element.rebuild (package:flutter/src/widgets/framework.dart:5529:7)
#201    ProxyElement.update (package:flutter/src/widgets/framework.dart:6149:5)
#202    Element.updateChild (package:flutter/src/widgets/framework.dart:4037:15)
#203    SingleChildRenderObjectElement.update (package:flutter/src/widgets/framework.dart:7122:14)
#204    Element.updateChild (package:flutter/src/widgets/framework.dart:4037:15)
#205    ComponentElement.performRebuild (package:flutter/src/widgets/framework.dart:5841:16)
#206    StatefulElement.performRebuild (package:flutter/src/widgets/framework.dart:5982:11)
#207    Element.rebuild (package:flutter/src/widgets/framework.dart:5529:7)
#208    StatefulElement.update (package:flutter/src/widgets/framework.dart:6007:5)
#209    Element.updateChild (package:flutter/src/widgets/framework.dart:4037:15)
#210    ComponentElement.performRebuild (package:flutter/src/widgets/framework.dart:5841:16)
#211    StatefulElement.performRebuild (package:flutter/src/widgets/framework.dart:5982:11)
#212    Element.rebuild (package:flutter/src/widgets/framework.dart:5529:7)
#213    StatefulElement.update (package:flutter/src/widgets/framework.dart:6007:5)
#214    Element.updateChild (package:flutter/src/widgets/framework.dart:4037:15)
#215    ComponentElement.performRebuild (package:flutter/src/widgets/framework.dart:5841:16)
#216    Element.rebuild (package:flutter/src/widgets/framework.dart:5529:7)
#217    ProxyElement.update (package:flutter/src/widgets/framework.dart:6149:5)
#218    Element.updateChild (package:flutter/src/widgets/framework.dart:4037:15)
#219    ComponentElement.performRebuild (package:flutter/src/widgets/framework.dart:5841:16)
#220    Element.rebuild (package:flutter/src/widgets/framework.dart:5529:7)
#221    ProxyElement.update (package:flutter/src/widgets/framework.dart:6149:5)
#222    Element.updateChild (package:flutter/src/widgets/framework.dart:4037:15)
#223    ComponentElement.performRebuild (package:flutter/src/widgets/framework.dart:5841:16)
#224    Element.rebuild (package:flutter/src/widgets/framework.dart:5529:7)
#225    ProxyElement.update (package:flutter/src/widgets/framework.dart:6149:5)
#226    Element.updateChild (package:flutter/src/widgets/framework.dart:4037:15)
#227    ComponentElement.performRebuild (package:flutter/src/widgets/framework.dart:5841:16)
#228    StatefulElement.performRebuild (package:flutter/src/widgets/framework.dart:5982:11)
#229    Element.rebuild (package:flutter/src/widgets/framework.dart:5529:7)
#230    StatefulElement.update (package:flutter/src/widgets/framework.dart:6007:5)
#231    Element.updateChild (package:flutter/src/widgets/framework.dart:4037:15)
#232    ComponentElement.performRebuild (package:flutter/src/widgets/framework.dart:5841:16)
#233    Element.rebuild (package:flutter/src/widgets/framework.dart:5529:7)
#234    ProxyElement.update (package:flutter/src/widgets/framework.dart:6149:5)
#235    Element.updateChild (package:flutter/src/widgets/framework.dart:4037:15)
#236    ComponentElement.performRebuild (package:flutter/src/widgets/framework.dart:5841:16)
#237    StatefulElement.performRebuild (package:flutter/src/widgets/framework.dart:5982:11)
#238    Element.rebuild (package:flutter/src/widgets/framework.dart:5529:7)
#239    StatefulElement.update (package:flutter/src/widgets/framework.dart:6007:5)
#240    Element.updateChild (package:flutter/src/widgets/framework.dart:4037:15)
#241    ComponentElement.performRebuild (package:flutter/src/widgets/framework.dart:5841:16)
#242    Element.rebuild (package:flutter/src/widgets/framework.dart:5529:7)
#243    ProxyElement.update (package:flutter/src/widgets/framework.dart:6149:5)
#244    Element.updateChild (package:flutter/src/widgets/framework.dart:4037:15)
#245    ComponentElement.performRebuild (package:flutter/src/widgets/framework.dart:5841:16)
#246    Element.rebuild (package:flutter/src/widgets/framework.dart:5529:7)
#247    ProxyElement.update (package:flutter/src/widgets/framework.dart:6149:5)
#248    Element.updateChild (package:flutter/src/widgets/framework.dart:4037:15)
#249    ComponentElement.performRebuild (package:flutter/src/widgets/framework.dart:5841:16)
#250    Element.rebuild (package:flutter/src/widgets/framework.dart:5529:7)
#251    ProxyElement.update (package:flutter/src/widgets/framework.dart:6149:5)
#252    Element.updateChild (package:flutter/src/widgets/framework.dart:4037:15)
#253    ComponentElement.performRebuild (package:flutter/src/widgets/framework.dart:5841:16)
#254    Element.rebuild (package:flutter/src/widgets/framework.dart:5529:7)
#255    ProxyElement.update (package:flutter/src/widgets/framework.dart:6149:5)
#256    Element.updateChild (package:flutter/src/widgets/framework.dart:4037:15)
#257    ComponentElement.performRebuild (package:flutter/src/widgets/framework.dart:5841:16)
#258    Element.rebuild (package:flutter/src/widgets/framework.dart:5529:7)
#259    StatelessElement.update (package:flutter/src/widgets/framework.dart:5895:5)
#260    Element.updateChild (package:flutter/src/widgets/framework.dart:4037:15)
#261    ComponentElement.performRebuild (package:flutter/src/widgets/framework.dart:5841:16)
#262    Element.rebuild (package:flutter/src/widgets/framework.dart:5529:7)
#263    ProxyElement.update (package:flutter/src/widgets/framework.dart:6149:5)
#264    Element.updateChild (package:flutter/src/widgets/framework.dart:4037:15)
#265    ComponentElement.performRebuild (package:flutter/src/widgets/framework.dart:5841:16)
#266    Element.rebuild (package:flutter/src/widgets/framework.dart:5529:7)
#267    StatelessElement.update (package:flutter/src/widgets/framework.dart:5895:5)
#268    Element.updateChild (package:flutter/src/widgets/framework.dart:4037:15)
#269    ComponentElement.performRebuild (package:flutter/src/widgets/framework.dart:5841:16)
#270    Element.rebuild (package:flutter/src/widgets/framework.dart:5529:7)
#271    ProxyElement.update (package:flutter/src/widgets/framework.dart:6149:5)
#272    Element.updateChild (package:flutter/src/widgets/framework.dart:4037:15)
#273    ComponentElement.performRebuild (package:flutter/src/widgets/framework.dart:5841:16)
#274    StatefulElement.performRebuild (package:flutter/src/widgets/framework.dart:5982:11)
#275    Element.rebuild (package:flutter/src/widgets/framework.dart:5529:7)
#276    StatefulElement.update (package:flutter/src/widgets/framework.dart:6007:5)
#277    Element.updateChild (package:flutter/src/widgets/framework.dart:4037:15)
#278    ComponentElement.performRebuild (package:flutter/src/widgets/framework.dart:5841:16)
#279    Element.rebuild (package:flutter/src/widgets/framework.dart:5529:7)
#280    ProxyElement.update (package:flutter/src/widgets/framework.dart:6149:5)
#281    Element.updateChild (package:flutter/src/widgets/framework.dart:4037:15)
#282    ComponentElement.performRebuild (package:flutter/src/widgets/framework.dart:5841:16)
#283    StatefulElement.performRebuild (package:flutter/src/widgets/framework.dart:5982:11)
#284    Element.rebuild (package:flutter/src/widgets/framework.dart:5529:7)
#285    StatefulElement.update (package:flutter/src/widgets/framework.dart:6007:5)
#286    Element.updateChild (package:flutter/src/widgets/framework.dart:4037:15)
#287    SingleChildRenderObjectElement.update (package:flutter/src/widgets/framework.dart:7122:14)
#288    Element.updateChild (package:flutter/src/widgets/framework.dart:4037:15)
#289    ComponentElement.performRebuild (package:flutter/src/widgets/framework.dart:5841:16)
#290    Element.rebuild (package:flutter/src/widgets/framework.dart:5529:7)
#291    ProxyElement.update (package:flutter/src/widgets/framework.dart:6149:5)
#292    Element.updateChild (package:flutter/src/widgets/framework.dart:4037:15)
#293    SingleChildRenderObjectElement.update (package:flutter/src/widgets/framework.dart:7122:14)
#294    Element.updateChild (package:flutter/src/widgets/framework.dart:4037:15)
#295    ComponentElement.performRebuild (package:flutter/src/widgets/framework.dart:5841:16)
#296    Element.rebuild (package:flutter/src/widgets/framework.dart:5529:7)
#297    StatelessElement.update (package:flutter/src/widgets/framework.dart:5895:5)
#298    Element.updateChild (package:flutter/src/widgets/framework.dart:4037:15)
#299    SingleChildRenderObjectElement.update (package:flutter/src/widgets/framework.dart:7122:14)
#300    Element.updateChild (package:flutter/src/widgets/framework.dart:4037:15)
#301    ComponentElement.performRebuild (package:flutter/src/widgets/framework.dart:5841:16)
#302    StatefulElement.performRebuild (package:flutter/src/widgets/framework.dart:5982:11)
#303    Element.rebuild (package:flutter/src/widgets/framework.dart:5529:7)
#304    StatefulElement.update (package:flutter/src/widgets/framework.dart:6007:5)
#305    Element.updateChild (package:flutter/src/widgets/framework.dart:4037:15)
#306    ComponentElement.performRebuild (package:flutter/src/widgets/framework.dart:5841:16)
#307    StatefulElement.performRebuild (package:flutter/src/widgets/framework.dart:5982:11)
#308    Element.rebuild (package:flutter/src/widgets/framework.dart:5529:7)
#309    StatefulElement.update (package:flutter/src/widgets/framework.dart:6007:5)
#310    Element.updateChild (package:flutter/src/widgets/framework.dart:4037:15)
#311    SingleChildRenderObjectElement.update (package:flutter/src/widgets/framework.dart:7122:14)
#312    Element.updateChild (package:flutter/src/widgets/framework.dart:4037:15)
#313    SingleChildRenderObjectElement.update (package:flutter/src/widgets/framework.dart:7122:14)
#314    Element.updateChild (package:flutter/src/widgets/framework.dart:4037:15)
#315    ComponentElement.performRebuild (package:flutter/src/widgets/framework.dart:5841:16)
#316    Element.rebuild (package:flutter/src/widgets/framework.dart:5529:7)
#317    ProxyElement.update (package:flutter/src/widgets/framework.dart:6149:5)
#318    Element.updateChild (package:flutter/src/widgets/framework.dart:4037:15)
#319    SingleChildRenderObjectElement.update (package:flutter/src/widgets/framework.dart:7122:14)
#320    Element.updateChild (package:flutter/src/widgets/framework.dart:4037:15)
#321    ComponentElement.performRebuild (package:flutter/src/widgets/framework.dart:5841:16)
#322    StatefulElement.performRebuild (package:flutter/src/widgets/framework.dart:5982:11)
#323    Element.rebuild (package:flutter/src/widgets/framework.dart:5529:7)
#324    StatefulElement.update (package:flutter/src/widgets/framework.dart:6007:5)
#325    Element.updateChild (package:flutter/src/widgets/framework.dart:4037:15)
#326    SingleChildRenderObjectElement.update (package:flutter/src/widgets/framework.dart:7122:14)
#327    Element.updateChild (package:flutter/src/widgets/framework.dart:4037:15)
#328    ComponentElement.performRebuild (package:flutter/src/widgets/framework.dart:5841:16)
#329    Element.rebuild (package:flutter/src/widgets/framework.dart:5529:7)
#330    StatelessElement.update (package:flutter/src/widgets/framework.dart:5895:5)
#331    Element.updateChild (package:flutter/src/widgets/framework.dart:4037:15)
#332    ComponentElement.performRebuild (package:flutter/src/widgets/framework.dart:5841:16)
#333    StatefulElement.performRebuild (package:flutter/src/widgets/framework.dart:5982:11)
#334    Element.rebuild (package:flutter/src/widgets/framework.dart:5529:7)
#335    BuildScope._tryRebuild (package:flutter/src/widgets/framework.dart:2750:15)
#336    BuildScope._flushDirtyElements (package:flutter/src/widgets/framework.dart:2807:11)
#337    BuildOwner.buildScope (package:flutter/src/widgets/framework.dart:3111:18)
#338    AutomatedTestWidgetsFlutterBinding.drawFrame (package:flutter_test/src/binding.dart:2131:19)
#339    RendererBinding._handlePersistentFrameCallback (package:flutter/src/rendering/binding.dart:495:5)
#340    SchedulerBinding._invokeFrameCallback (package:flutter/src/scheduler/binding.dart:1430:15)
#341    SchedulerBinding.handleDrawFrame (package:flutter/src/scheduler/binding.dart:1345:9)
#342    AutomatedTestWidgetsFlutterBinding.pump.<anonymous closure> (package:flutter_test/src/binding.dart:1960:9)
#345    TestAsyncUtils.guard (package:flutter_test/src/test_async_utils.dart:74:41)
#346    AutomatedTestWidgetsFlutterBinding.pump (package:flutter_test/src/binding.dart:1949:27)
#347    WidgetTester.pumpAndSettle.<anonymous closure> (package:flutter_test/src/widget_tester.dart:719:23)
<asynchronous suspension>
#348    TestAsyncUtils.guard.<anonymous closure> (package:flutter_test/src/test_async_utils.dart:130:27)
<asynchronous suspension>
#349    main.openAndSubmitDialog (file:///Users/mba_hd/Development/Flutter/Projects/arrow_ops/test/features/customer/presentation/customer_form_dialog_city_validation_test.dart:61:5)
<asynchronous suspension>
#350    main.<anonymous closure> (file:///Users/mba_hd/Development/Flutter/Projects/arrow_ops/test/features/customer/presentation/customer_form_dialog_city_validation_test.dart:70:20)
<asynchronous suspension>
#351    testWidgets.<anonymous closure>.<anonymous closure> (package:flutter_test/src/widget_tester.dart:192:15)
<asynchronous suspension>
#352    TestWidgetsFlutterBinding._runTestBody (package:flutter_test/src/binding.dart:1682:5)
<asynchronous suspension>
<asynchronous suspension>
(elided 3 frames from dart:async and package:stack_trace)

════════════════════════════════════════════════════════════════════════════════════════════════════
══╡ EXCEPTION CAUGHT BY FLUTTER TEST FRAMEWORK ╞════════════════════════════════════════════════════
The following TestFailure was thrown running a test:
Expected: not null
  Actual: <null>

When the exception was thrown, this was the stack:
#4      main.<anonymous closure> (file:///Users/mba_hd/Development/Flutter/Projects/arrow_ops/test/features/customer/presentation/customer_form_dialog_city_validation_test.dart:78:5)
<asynchronous suspension>
#5      testWidgets.<anonymous closure>.<anonymous closure> (package:flutter_test/src/widget_tester.dart:192:15)
<asynchronous suspension>
#6      TestWidgetsFlutterBinding._runTestBody (package:flutter_test/src/binding.dart:1682:5)
<asynchronous suspension>
<asynchronous suspension>
(elided one frame from package:stack_trace)

This was caught by the test expectation on the following line:
  file:///Users/mba_hd/Development/Flutter/Projects/arrow_ops/test/features/customer/presentation/customer_form_dialog_city_validation_test.dart line 78
The test description was:
  akzeptiert Stadtname mit Schraegstrich beim Speichern
════════════════════════════════════════════════════════════════════════════════════════════════════
══╡ EXCEPTION CAUGHT BY FLUTTER TEST FRAMEWORK ╞════════════════════════════════════════════════════
The following message was thrown:
Multiple exceptions (5) were detected during the running of the current test, and at least one was
unexpected.
════════════════════════════════════════════════════════════════════════════════════════════════════
00:00 +0 -1: akzeptiert Stadtname mit Schraegstrich beim Speichern [E]
  Test failed. See exception logs above.
  The test description was: akzeptiert Stadtname mit Schraegstrich beim Speichern
  
Warning: At least one test in this suite creates an HttpClient. When running a test suite that uses
TestWidgetsFlutterBinding, all HTTP requests will return status code 400, and no network request
will actually be made. Any test expecting a real network connection and status code will fail.
To test code that needs an HttpClient, provide your own HttpClient implementation to the code under
test, so that your test can consistently provide a testable response to the code under test.
00:00 +0 -1: akzeptiert Stadtname mit Klammern beim Speichern
══╡ EXCEPTION CAUGHT BY WIDGETS LIBRARY ╞═══════════════════════════════════════════════════════════
The following assertion was thrown building Builder-[LabeledGlobalKey<_RawMenuAnchorState>#573b9
MenuAnchor](dirty, dependencies: [_LocalizationsScope-[GlobalKey#b1743]]):
No MaterialLocalizations found.
Builder widgets require MaterialLocalizations to be provided by a Localizations widget ancestor.
The material library uses Localizations to generate messages, labels, and abbreviations.
To introduce a MaterialLocalizations, either use a MaterialApp at the root of your application to
include them automatically, or add a Localization widget with a MaterialLocalizations delegate.
The specific widget that could not find a MaterialLocalizations ancestor was:
  Builder-[LabeledGlobalKey<_RawMenuAnchorState>#573b9 MenuAnchor]
The ancestors of this widget were:
  ...
  TapRegion
  _FocusInheritedScope
  Focus
  Shortcuts
  Semantics
  ...

The relevant error-causing widget was:
  DropdownMenu<String>
  DropdownMenu:file:///Users/mba_hd/Development/Flutter/Projects/arrow_ops/lib/features/customer/presentation/widgets/customer_form_dialog.dart:914:12

When the exception was thrown, this was the stack:
#0      debugCheckHasMaterialLocalizations.<anonymous closure> (package:flutter/src/material/debug.dart:97:7)
#1      debugCheckHasMaterialLocalizations (package:flutter/src/material/debug.dart:117:4)
#2      MaterialLocalizations.of (package:flutter/src/material/material_localizations.dart:717:12)
#3      _DropdownMenuState.build.<anonymous closure> (package:flutter/src/material/dropdown_menu.dart:1251:75)
#4      _RawMenuAnchorState.buildAnchor.<anonymous closure> (package:flutter/src/widgets/raw_menu_anchor.dart:813:36)
#5      Builder.build (package:flutter/src/widgets/basic.dart:8396:48)
#6      StatelessElement.build (package:flutter/src/widgets/framework.dart:5889:49)
#7      ComponentElement.performRebuild (package:flutter/src/widgets/framework.dart:5817:15)
#8      Element.rebuild (package:flutter/src/widgets/framework.dart:5529:7)
#9      ComponentElement._firstBuild (package:flutter/src/widgets/framework.dart:5799:5)
#10     ComponentElement.mount (package:flutter/src/widgets/framework.dart:5793:5)
...     Normal element mounting (29 frames)
#39     Element.inflateWidget (package:flutter/src/widgets/framework.dart:4587:20)
#40     Element.updateChild (package:flutter/src/widgets/framework.dart:4059:18)
#41     _OverlayPortalElement.mount (package:flutter/src/widgets/overlay.dart:2306:14)
...     Normal element mounting (63 frames)
#104    Element.inflateWidget (package:flutter/src/widgets/framework.dart:4587:20)
#105    MultiChildRenderObjectElement.inflateWidget (package:flutter/src/widgets/framework.dart:7264:36)
#106    MultiChildRenderObjectElement.mount (package:flutter/src/widgets/framework.dart:7279:32)
...     Normal element mounting (23 frames)
#129    Element.inflateWidget (package:flutter/src/widgets/framework.dart:4587:20)
#130    MultiChildRenderObjectElement.inflateWidget (package:flutter/src/widgets/framework.dart:7264:36)
#131    MultiChildRenderObjectElement.mount (package:flutter/src/widgets/framework.dart:7279:32)
...     Normal element mounting (7 frames)
#138    Element.inflateWidget (package:flutter/src/widgets/framework.dart:4587:20)
#139    MultiChildRenderObjectElement.inflateWidget (package:flutter/src/widgets/framework.dart:7264:36)
#140    MultiChildRenderObjectElement.mount (package:flutter/src/widgets/framework.dart:7279:32)
...     Normal element mounting (4 frames)
#144    Element.inflateWidget (package:flutter/src/widgets/framework.dart:4587:20)
#145    MultiChildRenderObjectElement.inflateWidget (package:flutter/src/widgets/framework.dart:7264:36)
#146    MultiChildRenderObjectElement.mount (package:flutter/src/widgets/framework.dart:7279:32)
...     Normal element mounting (71 frames)
#217    Element.inflateWidget (package:flutter/src/widgets/framework.dart:4587:20)
#218    MultiChildRenderObjectElement.inflateWidget (package:flutter/src/widgets/framework.dart:7264:36)
#219    MultiChildRenderObjectElement.mount (package:flutter/src/widgets/framework.dart:7279:32)
...     Normal element mounting (28 frames)
#247    Element.inflateWidget (package:flutter/src/widgets/framework.dart:4587:20)
#248    MultiChildRenderObjectElement.inflateWidget (package:flutter/src/widgets/framework.dart:7264:36)
#249    MultiChildRenderObjectElement.mount (package:flutter/src/widgets/framework.dart:7279:32)
...     Normal element mounting (440 frames)
#689    Element.inflateWidget (package:flutter/src/widgets/framework.dart:4587:20)
#690    MultiChildRenderObjectElement.inflateWidget (package:flutter/src/widgets/framework.dart:7264:36)
#691    Element.updateChild (package:flutter/src/widgets/framework.dart:4059:18)
#692    Element.updateChildren (package:flutter/src/widgets/framework.dart:4255:32)
#693    MultiChildRenderObjectElement.update (package:flutter/src/widgets/framework.dart:7295:17)
#694    Element.updateChild (package:flutter/src/widgets/framework.dart:4037:15)
#695    ComponentElement.performRebuild (package:flutter/src/widgets/framework.dart:5841:16)
#696    StatefulElement.performRebuild (package:flutter/src/widgets/framework.dart:5982:11)
#697    Element.rebuild (package:flutter/src/widgets/framework.dart:5529:7)
#698    StatefulElement.update (package:flutter/src/widgets/framework.dart:6007:5)
#699    Element.updateChild (package:flutter/src/widgets/framework.dart:4037:15)
#700    ComponentElement.performRebuild (package:flutter/src/widgets/framework.dart:5841:16)
#701    Element.rebuild (package:flutter/src/widgets/framework.dart:5529:7)
#702    ProxyElement.update (package:flutter/src/widgets/framework.dart:6149:5)
#703    Element.updateChild (package:flutter/src/widgets/framework.dart:4037:15)
#704    ComponentElement.performRebuild (package:flutter/src/widgets/framework.dart:5841:16)
#705    Element.rebuild (package:flutter/src/widgets/framework.dart:5529:7)
#706    ProxyElement.update (package:flutter/src/widgets/framework.dart:6149:5)
#707    _InheritedNotifierElement.update (package:flutter/src/widgets/inherited_notifier.dart:108:11)
#708    Element.updateChild (package:flutter/src/widgets/framework.dart:4037:15)
#709    ComponentElement.performRebuild (package:flutter/src/widgets/framework.dart:5841:16)
#710    StatefulElement.performRebuild (package:flutter/src/widgets/framework.dart:5982:11)
#711    Element.rebuild (package:flutter/src/widgets/framework.dart:5529:7)
#712    StatefulElement.update (package:flutter/src/widgets/framework.dart:6007:5)
#713    Element.updateChild (package:flutter/src/widgets/framework.dart:4037:15)
#714    ComponentElement.performRebuild (package:flutter/src/widgets/framework.dart:5841:16)
#715    Element.rebuild (package:flutter/src/widgets/framework.dart:5529:7)
#716    ProxyElement.update (package:flutter/src/widgets/framework.dart:6149:5)
#717    _InheritedNotifierElement.update (package:flutter/src/widgets/inherited_notifier.dart:108:11)
#718    Element.updateChild (package:flutter/src/widgets/framework.dart:4037:15)
#719    ComponentElement.performRebuild (package:flutter/src/widgets/framework.dart:5841:16)
#720    StatefulElement.performRebuild (package:flutter/src/widgets/framework.dart:5982:11)
#721    Element.rebuild (package:flutter/src/widgets/framework.dart:5529:7)
#722    StatefulElement.update (package:flutter/src/widgets/framework.dart:6007:5)
#723    Element.updateChild (package:flutter/src/widgets/framework.dart:4037:15)
#724    ComponentElement.performRebuild (package:flutter/src/widgets/framework.dart:5841:16)
#725    StatefulElement.performRebuild (package:flutter/src/widgets/framework.dart:5982:11)
#726    Element.rebuild (package:flutter/src/widgets/framework.dart:5529:7)
#727    StatefulElement.update (package:flutter/src/widgets/framework.dart:6007:5)
#728    Element.updateChild (package:flutter/src/widgets/framework.dart:4037:15)
#729    SingleChildRenderObjectElement.update (package:flutter/src/widgets/framework.dart:7122:14)
#730    Element.updateChild (package:flutter/src/widgets/framework.dart:4037:15)
#731    SingleChildRenderObjectElement.update (package:flutter/src/widgets/framework.dart:7122:14)
#732    Element.updateChild (package:flutter/src/widgets/framework.dart:4037:15)
#733    ComponentElement.performRebuild (package:flutter/src/widgets/framework.dart:5841:16)
#734    Element.rebuild (package:flutter/src/widgets/framework.dart:5529:7)
#735    ProxyElement.update (package:flutter/src/widgets/framework.dart:6149:5)
#736    Element.updateChild (package:flutter/src/widgets/framework.dart:4037:15)
#737    ComponentElement.performRebuild (package:flutter/src/widgets/framework.dart:5841:16)
#738    Element.rebuild (package:flutter/src/widgets/framework.dart:5529:7)
#739    ProxyElement.update (package:flutter/src/widgets/framework.dart:6149:5)
#740    Element.updateChild (package:flutter/src/widgets/framework.dart:4037:15)
#741    ComponentElement.performRebuild (package:flutter/src/widgets/framework.dart:5841:16)
#742    StatefulElement.performRebuild (package:flutter/src/widgets/framework.dart:5982:11)
#743    Element.rebuild (package:flutter/src/widgets/framework.dart:5529:7)
#744    BuildScope._tryRebuild (package:flutter/src/widgets/framework.dart:2750:15)
#745    BuildScope._flushDirtyElements (package:flutter/src/widgets/framework.dart:2807:11)
#746    BuildOwner.buildScope (package:flutter/src/widgets/framework.dart:3111:18)
#747    AutomatedTestWidgetsFlutterBinding.drawFrame (package:flutter_test/src/binding.dart:2131:19)
#748    RendererBinding._handlePersistentFrameCallback (package:flutter/src/rendering/binding.dart:495:5)
#749    SchedulerBinding._invokeFrameCallback (package:flutter/src/scheduler/binding.dart:1430:15)
#750    SchedulerBinding.handleDrawFrame (package:flutter/src/scheduler/binding.dart:1345:9)
#751    AutomatedTestWidgetsFlutterBinding.pump.<anonymous closure> (package:flutter_test/src/binding.dart:1960:9)
#754    TestAsyncUtils.guard (package:flutter_test/src/test_async_utils.dart:74:41)
#755    AutomatedTestWidgetsFlutterBinding.pump (package:flutter_test/src/binding.dart:1949:27)
#756    WidgetTester.pumpAndSettle.<anonymous closure> (package:flutter_test/src/widget_tester.dart:719:23)
#759    TestAsyncUtils.guard (package:flutter_test/src/test_async_utils.dart:74:41)
#760    WidgetTester.pumpAndSettle (package:flutter_test/src/widget_tester.dart:712:27)
#761    main.openAndSubmitDialog (file:///Users/mba_hd/Development/Flutter/Projects/arrow_ops/test/features/customer/presentation/customer_form_dialog_city_validation_test.dart:61:18)
<asynchronous suspension>
#762    main.<anonymous closure> (file:///Users/mba_hd/Development/Flutter/Projects/arrow_ops/test/features/customer/presentation/customer_form_dialog_city_validation_test.dart:84:20)
<asynchronous suspension>
#763    testWidgets.<anonymous closure>.<anonymous closure> (package:flutter_test/src/widget_tester.dart:192:15)
<asynchronous suspension>
#764    TestWidgetsFlutterBinding._runTestBody (package:flutter_test/src/binding.dart:1682:5)
<asynchronous suspension>
<asynchronous suspension>
(elided 5 frames from dart:async and package:stack_trace)

════════════════════════════════════════════════════════════════════════════════════════════════════
══╡ EXCEPTION CAUGHT BY WIDGETS LIBRARY ╞═══════════════════════════════════════════════════════════
The following assertion was thrown building Builder-[LabeledGlobalKey<_RawMenuAnchorState>#44c12
MenuAnchor](dirty, dependencies: [_LocalizationsScope-[GlobalKey#b1743]]):
No MaterialLocalizations found.
Builder widgets require MaterialLocalizations to be provided by a Localizations widget ancestor.
The material library uses Localizations to generate messages, labels, and abbreviations.
To introduce a MaterialLocalizations, either use a MaterialApp at the root of your application to
include them automatically, or add a Localization widget with a MaterialLocalizations delegate.
The specific widget that could not find a MaterialLocalizations ancestor was:
  Builder-[LabeledGlobalKey<_RawMenuAnchorState>#44c12 MenuAnchor]
The ancestors of this widget were:
  ...
  TapRegion
  _FocusInheritedScope
  Focus
  Shortcuts
  Semantics
  ...

The relevant error-causing widget was:
  DropdownMenu<String>
  DropdownMenu:file:///Users/mba_hd/Development/Flutter/Projects/arrow_ops/lib/features/customer/presentation/widgets/customer_form_dialog.dart:914:12

When the exception was thrown, this was the stack:
#0      debugCheckHasMaterialLocalizations.<anonymous closure> (package:flutter/src/material/debug.dart:97:7)
#1      debugCheckHasMaterialLocalizations (package:flutter/src/material/debug.dart:117:4)
#2      MaterialLocalizations.of (package:flutter/src/material/material_localizations.dart:717:12)
#3      _DropdownMenuState.build.<anonymous closure> (package:flutter/src/material/dropdown_menu.dart:1251:75)
#4      _RawMenuAnchorState.buildAnchor.<anonymous closure> (package:flutter/src/widgets/raw_menu_anchor.dart:813:36)
#5      Builder.build (package:flutter/src/widgets/basic.dart:8396:48)
#6      StatelessElement.build (package:flutter/src/widgets/framework.dart:5889:49)
#7      ComponentElement.performRebuild (package:flutter/src/widgets/framework.dart:5817:15)
#8      Element.rebuild (package:flutter/src/widgets/framework.dart:5529:7)
#9      ComponentElement._firstBuild (package:flutter/src/widgets/framework.dart:5799:5)
#10     ComponentElement.mount (package:flutter/src/widgets/framework.dart:5793:5)
...     Normal element mounting (29 frames)
#39     Element.inflateWidget (package:flutter/src/widgets/framework.dart:4587:20)
#40     Element.updateChild (package:flutter/src/widgets/framework.dart:4059:18)
#41     _OverlayPortalElement.mount (package:flutter/src/widgets/overlay.dart:2306:14)
...     Normal element mounting (63 frames)
#104    Element.inflateWidget (package:flutter/src/widgets/framework.dart:4587:20)
#105    MultiChildRenderObjectElement.inflateWidget (package:flutter/src/widgets/framework.dart:7264:36)
#106    MultiChildRenderObjectElement.mount (package:flutter/src/widgets/framework.dart:7279:32)
...     Normal element mounting (23 frames)
#129    Element.inflateWidget (package:flutter/src/widgets/framework.dart:4587:20)
#130    MultiChildRenderObjectElement.inflateWidget (package:flutter/src/widgets/framework.dart:7264:36)
#131    MultiChildRenderObjectElement.mount (package:flutter/src/widgets/framework.dart:7279:32)
...     Normal element mounting (7 frames)
#138    Element.inflateWidget (package:flutter/src/widgets/framework.dart:4587:20)
#139    MultiChildRenderObjectElement.inflateWidget (package:flutter/src/widgets/framework.dart:7264:36)
#140    MultiChildRenderObjectElement.mount (package:flutter/src/widgets/framework.dart:7279:32)
...     Normal element mounting (4 frames)
#144    Element.inflateWidget (package:flutter/src/widgets/framework.dart:4587:20)
#145    MultiChildRenderObjectElement.inflateWidget (package:flutter/src/widgets/framework.dart:7264:36)
#146    MultiChildRenderObjectElement.mount (package:flutter/src/widgets/framework.dart:7279:32)
...     Normal element mounting (71 frames)
#217    Element.inflateWidget (package:flutter/src/widgets/framework.dart:4587:20)
#218    MultiChildRenderObjectElement.inflateWidget (package:flutter/src/widgets/framework.dart:7264:36)
#219    MultiChildRenderObjectElement.mount (package:flutter/src/widgets/framework.dart:7279:32)
...     Normal element mounting (28 frames)
#247    Element.inflateWidget (package:flutter/src/widgets/framework.dart:4587:20)
#248    MultiChildRenderObjectElement.inflateWidget (package:flutter/src/widgets/framework.dart:7264:36)
#249    MultiChildRenderObjectElement.mount (package:flutter/src/widgets/framework.dart:7279:32)
...     Normal element mounting (440 frames)
#689    Element.inflateWidget (package:flutter/src/widgets/framework.dart:4587:20)
#690    MultiChildRenderObjectElement.inflateWidget (package:flutter/src/widgets/framework.dart:7264:36)
#691    Element.updateChild (package:flutter/src/widgets/framework.dart:4059:18)
#692    Element.updateChildren (package:flutter/src/widgets/framework.dart:4255:32)
#693    MultiChildRenderObjectElement.update (package:flutter/src/widgets/framework.dart:7295:17)
#694    Element.updateChild (package:flutter/src/widgets/framework.dart:4037:15)
#695    ComponentElement.performRebuild (package:flutter/src/widgets/framework.dart:5841:16)
#696    StatefulElement.performRebuild (package:flutter/src/widgets/framework.dart:5982:11)
#697    Element.rebuild (package:flutter/src/widgets/framework.dart:5529:7)
#698    StatefulElement.update (package:flutter/src/widgets/framework.dart:6007:5)
#699    Element.updateChild (package:flutter/src/widgets/framework.dart:4037:15)
#700    ComponentElement.performRebuild (package:flutter/src/widgets/framework.dart:5841:16)
#701    Element.rebuild (package:flutter/src/widgets/framework.dart:5529:7)
#702    ProxyElement.update (package:flutter/src/widgets/framework.dart:6149:5)
#703    Element.updateChild (package:flutter/src/widgets/framework.dart:4037:15)
#704    ComponentElement.performRebuild (package:flutter/src/widgets/framework.dart:5841:16)
#705    Element.rebuild (package:flutter/src/widgets/framework.dart:5529:7)
#706    ProxyElement.update (package:flutter/src/widgets/framework.dart:6149:5)
#707    _InheritedNotifierElement.update (package:flutter/src/widgets/inherited_notifier.dart:108:11)
#708    Element.updateChild (package:flutter/src/widgets/framework.dart:4037:15)
#709    ComponentElement.performRebuild (package:flutter/src/widgets/framework.dart:5841:16)
#710    StatefulElement.performRebuild (package:flutter/src/widgets/framework.dart:5982:11)
#711    Element.rebuild (package:flutter/src/widgets/framework.dart:5529:7)
#712    StatefulElement.update (package:flutter/src/widgets/framework.dart:6007:5)
#713    Element.updateChild (package:flutter/src/widgets/framework.dart:4037:15)
#714    ComponentElement.performRebuild (package:flutter/src/widgets/framework.dart:5841:16)
#715    Element.rebuild (package:flutter/src/widgets/framework.dart:5529:7)
#716    ProxyElement.update (package:flutter/src/widgets/framework.dart:6149:5)
#717    _InheritedNotifierElement.update (package:flutter/src/widgets/inherited_notifier.dart:108:11)
#718    Element.updateChild (package:flutter/src/widgets/framework.dart:4037:15)
#719    ComponentElement.performRebuild (package:flutter/src/widgets/framework.dart:5841:16)
#720    StatefulElement.performRebuild (package:flutter/src/widgets/framework.dart:5982:11)
#721    Element.rebuild (package:flutter/src/widgets/framework.dart:5529:7)
#722    StatefulElement.update (package:flutter/src/widgets/framework.dart:6007:5)
#723    Element.updateChild (package:flutter/src/widgets/framework.dart:4037:15)
#724    ComponentElement.performRebuild (package:flutter/src/widgets/framework.dart:5841:16)
#725    StatefulElement.performRebuild (package:flutter/src/widgets/framework.dart:5982:11)
#726    Element.rebuild (package:flutter/src/widgets/framework.dart:5529:7)
#727    StatefulElement.update (package:flutter/src/widgets/framework.dart:6007:5)
#728    Element.updateChild (package:flutter/src/widgets/framework.dart:4037:15)
#729    SingleChildRenderObjectElement.update (package:flutter/src/widgets/framework.dart:7122:14)
#730    Element.updateChild (package:flutter/src/widgets/framework.dart:4037:15)
#731    SingleChildRenderObjectElement.update (package:flutter/src/widgets/framework.dart:7122:14)
#732    Element.updateChild (package:flutter/src/widgets/framework.dart:4037:15)
#733    ComponentElement.performRebuild (package:flutter/src/widgets/framework.dart:5841:16)
#734    Element.rebuild (package:flutter/src/widgets/framework.dart:5529:7)
#735    ProxyElement.update (package:flutter/src/widgets/framework.dart:6149:5)
#736    Element.updateChild (package:flutter/src/widgets/framework.dart:4037:15)
#737    ComponentElement.performRebuild (package:flutter/src/widgets/framework.dart:5841:16)
#738    Element.rebuild (package:flutter/src/widgets/framework.dart:5529:7)
#739    ProxyElement.update (package:flutter/src/widgets/framework.dart:6149:5)
#740    Element.updateChild (package:flutter/src/widgets/framework.dart:4037:15)
#741    ComponentElement.performRebuild (package:flutter/src/widgets/framework.dart:5841:16)
#742    StatefulElement.performRebuild (package:flutter/src/widgets/framework.dart:5982:11)
#743    Element.rebuild (package:flutter/src/widgets/framework.dart:5529:7)
#744    BuildScope._tryRebuild (package:flutter/src/widgets/framework.dart:2750:15)
#745    BuildScope._flushDirtyElements (package:flutter/src/widgets/framework.dart:2807:11)
#746    BuildOwner.buildScope (package:flutter/src/widgets/framework.dart:3111:18)
#747    AutomatedTestWidgetsFlutterBinding.drawFrame (package:flutter_test/src/binding.dart:2131:19)
#748    RendererBinding._handlePersistentFrameCallback (package:flutter/src/rendering/binding.dart:495:5)
#749    SchedulerBinding._invokeFrameCallback (package:flutter/src/scheduler/binding.dart:1430:15)
#750    SchedulerBinding.handleDrawFrame (package:flutter/src/scheduler/binding.dart:1345:9)
#751    AutomatedTestWidgetsFlutterBinding.pump.<anonymous closure> (package:flutter_test/src/binding.dart:1960:9)
#754    TestAsyncUtils.guard (package:flutter_test/src/test_async_utils.dart:74:41)
#755    AutomatedTestWidgetsFlutterBinding.pump (package:flutter_test/src/binding.dart:1949:27)
#756    WidgetTester.pumpAndSettle.<anonymous closure> (package:flutter_test/src/widget_tester.dart:719:23)
#759    TestAsyncUtils.guard (package:flutter_test/src/test_async_utils.dart:74:41)
#760    WidgetTester.pumpAndSettle (package:flutter_test/src/widget_tester.dart:712:27)
#761    main.openAndSubmitDialog (file:///Users/mba_hd/Development/Flutter/Projects/arrow_ops/test/features/customer/presentation/customer_form_dialog_city_validation_test.dart:61:18)
<asynchronous suspension>
#762    main.<anonymous closure> (file:///Users/mba_hd/Development/Flutter/Projects/arrow_ops/test/features/customer/presentation/customer_form_dialog_city_validation_test.dart:84:20)
<asynchronous suspension>
#763    testWidgets.<anonymous closure>.<anonymous closure> (package:flutter_test/src/widget_tester.dart:192:15)
<asynchronous suspension>
#764    TestWidgetsFlutterBinding._runTestBody (package:flutter_test/src/binding.dart:1682:5)
<asynchronous suspension>
<asynchronous suspension>
(elided 5 frames from dart:async and package:stack_trace)

════════════════════════════════════════════════════════════════════════════════════════════════════
══╡ EXCEPTION CAUGHT BY WIDGETS LIBRARY ╞═══════════════════════════════════════════════════════════
The following assertion was thrown building Builder-[LabeledGlobalKey<_RawMenuAnchorState>#573b9
MenuAnchor](dependencies: [_LocalizationsScope-[GlobalKey#b1743]]):
No MaterialLocalizations found.
Builder widgets require MaterialLocalizations to be provided by a Localizations widget ancestor.
The material library uses Localizations to generate messages, labels, and abbreviations.
To introduce a MaterialLocalizations, either use a MaterialApp at the root of your application to
include them automatically, or add a Localization widget with a MaterialLocalizations delegate.
The specific widget that could not find a MaterialLocalizations ancestor was:
  Builder-[LabeledGlobalKey<_RawMenuAnchorState>#573b9 MenuAnchor]
The ancestors of this widget were:
  ...
  TapRegion
  _FocusInheritedScope
  Focus
  Shortcuts
  Semantics
  ...

The relevant error-causing widget was:
  DropdownMenu<String>
  DropdownMenu:file:///Users/mba_hd/Development/Flutter/Projects/arrow_ops/lib/features/customer/presentation/widgets/customer_form_dialog.dart:914:12

When the exception was thrown, this was the stack:
#0      debugCheckHasMaterialLocalizations.<anonymous closure> (package:flutter/src/material/debug.dart:97:7)
#1      debugCheckHasMaterialLocalizations (package:flutter/src/material/debug.dart:117:4)
#2      MaterialLocalizations.of (package:flutter/src/material/material_localizations.dart:717:12)
#3      _DropdownMenuState.build.<anonymous closure> (package:flutter/src/material/dropdown_menu.dart:1251:75)
#4      _RawMenuAnchorState.buildAnchor.<anonymous closure> (package:flutter/src/widgets/raw_menu_anchor.dart:813:36)
#5      Builder.build (package:flutter/src/widgets/basic.dart:8396:48)
#6      StatelessElement.build (package:flutter/src/widgets/framework.dart:5889:49)
#7      ComponentElement.performRebuild (package:flutter/src/widgets/framework.dart:5817:15)
#8      Element.rebuild (package:flutter/src/widgets/framework.dart:5529:7)
#9      StatelessElement.update (package:flutter/src/widgets/framework.dart:5895:5)
#10     Element.updateChild (package:flutter/src/widgets/framework.dart:4037:15)
#11     SingleChildRenderObjectElement.update (package:flutter/src/widgets/framework.dart:7122:14)
#12     Element.updateChild (package:flutter/src/widgets/framework.dart:4037:15)
#13     ComponentElement.performRebuild (package:flutter/src/widgets/framework.dart:5841:16)
#14     Element.rebuild (package:flutter/src/widgets/framework.dart:5529:7)
#15     ProxyElement.update (package:flutter/src/widgets/framework.dart:6149:5)
#16     _InheritedNotifierElement.update (package:flutter/src/widgets/inherited_notifier.dart:108:11)
#17     Element.updateChild (package:flutter/src/widgets/framework.dart:4037:15)
#18     ComponentElement.performRebuild (package:flutter/src/widgets/framework.dart:5841:16)
#19     StatefulElement.performRebuild (package:flutter/src/widgets/framework.dart:5982:11)
#20     Element.rebuild (package:flutter/src/widgets/framework.dart:5529:7)
#21     StatefulElement.update (package:flutter/src/widgets/framework.dart:6007:5)
#22     Element.updateChild (package:flutter/src/widgets/framework.dart:4037:15)
#23     ComponentElement.performRebuild (package:flutter/src/widgets/framework.dart:5841:16)
#24     StatefulElement.performRebuild (package:flutter/src/widgets/framework.dart:5982:11)
#25     Element.rebuild (package:flutter/src/widgets/framework.dart:5529:7)
#26     StatefulElement.update (package:flutter/src/widgets/framework.dart:6007:5)
#27     Element.updateChild (package:flutter/src/widgets/framework.dart:4037:15)
#28     SingleChildRenderObjectElement.update (package:flutter/src/widgets/framework.dart:7122:14)
#29     Element.updateChild (package:flutter/src/widgets/framework.dart:4037:15)
#30     _OverlayPortalElement.update (package:flutter/src/widgets/overlay.dart:2313:14)
#31     Element.updateChild (package:flutter/src/widgets/framework.dart:4037:15)
#32     ComponentElement.performRebuild (package:flutter/src/widgets/framework.dart:5841:16)
#33     StatefulElement.performRebuild (package:flutter/src/widgets/framework.dart:5982:11)
#34     Element.rebuild (package:flutter/src/widgets/framework.dart:5529:7)
#35     StatefulElement.update (package:flutter/src/widgets/framework.dart:6007:5)
#36     Element.updateChild (package:flutter/src/widgets/framework.dart:4037:15)
#37     ComponentElement.performRebuild (package:flutter/src/widgets/framework.dart:5841:16)
#38     Element.rebuild (package:flutter/src/widgets/framework.dart:5529:7)
#39     StatelessElement.update (package:flutter/src/widgets/framework.dart:5895:5)
#40     Element.updateChild (package:flutter/src/widgets/framework.dart:4037:15)
#41     ComponentElement.performRebuild (package:flutter/src/widgets/framework.dart:5841:16)
#42     Element.rebuild (package:flutter/src/widgets/framework.dart:5529:7)
#43     ProxyElement.update (package:flutter/src/widgets/framework.dart:6149:5)
#44     Element.updateChild (package:flutter/src/widgets/framework.dart:4037:15)
#45     ComponentElement.performRebuild (package:flutter/src/widgets/framework.dart:5841:16)
#46     StatefulElement.performRebuild (package:flutter/src/widgets/framework.dart:5982:11)
#47     Element.rebuild (package:flutter/src/widgets/framework.dart:5529:7)
#48     StatefulElement.update (package:flutter/src/widgets/framework.dart:6007:5)
#49     Element.updateChild (package:flutter/src/widgets/framework.dart:4037:15)
#50     ComponentElement.performRebuild (package:flutter/src/widgets/framework.dart:5841:16)
#51     Element.rebuild (package:flutter/src/widgets/framework.dart:5529:7)
#52     ProxyElement.update (package:flutter/src/widgets/framework.dart:6149:5)
#53     Element.updateChild (package:flutter/src/widgets/framework.dart:4037:15)
#54     ComponentElement.performRebuild (package:flutter/src/widgets/framework.dart:5841:16)
#55     StatefulElement.performRebuild (package:flutter/src/widgets/framework.dart:5982:11)
#56     Element.rebuild (package:flutter/src/widgets/framework.dart:5529:7)
#57     StatefulElement.update (package:flutter/src/widgets/framework.dart:6007:5)
#58     Element.updateChild (package:flutter/src/widgets/framework.dart:4037:15)
#59     ComponentElement.performRebuild (package:flutter/src/widgets/framework.dart:5841:16)
#60     Element.rebuild (package:flutter/src/widgets/framework.dart:5529:7)
#61     ProxyElement.update (package:flutter/src/widgets/framework.dart:6149:5)
#62     Element.updateChild (package:flutter/src/widgets/framework.dart:4037:15)
#63     ComponentElement.performRebuild (package:flutter/src/widgets/framework.dart:5841:16)
#64     StatefulElement.performRebuild (package:flutter/src/widgets/framework.dart:5982:11)
#65     Element.rebuild (package:flutter/src/widgets/framework.dart:5529:7)
#66     StatefulElement.update (package:flutter/src/widgets/framework.dart:6007:5)
#67     Element.updateChild (package:flutter/src/widgets/framework.dart:4037:15)
#68     SingleChildRenderObjectElement.update (package:flutter/src/widgets/framework.dart:7122:14)
#69     Element.updateChild (package:flutter/src/widgets/framework.dart:4037:15)
#70     SingleChildRenderObjectElement.update (package:flutter/src/widgets/framework.dart:7122:14)
#71     Element.updateChild (package:flutter/src/widgets/framework.dart:4037:15)
#72     Element.updateChildren (package:flutter/src/widgets/framework.dart:4191:32)
#73     MultiChildRenderObjectElement.update (package:flutter/src/widgets/framework.dart:7295:17)
#74     Element.updateChild (package:flutter/src/widgets/framework.dart:4037:15)
#75     ComponentElement.performRebuild (package:flutter/src/widgets/framework.dart:5841:16)
#76     Element.rebuild (package:flutter/src/widgets/framework.dart:5529:7)
#77     ProxyElement.update (package:flutter/src/widgets/framework.dart:6149:5)
#78     Element.updateChild (package:flutter/src/widgets/framework.dart:4037:15)
#79     ComponentElement.performRebuild (package:flutter/src/widgets/framework.dart:5841:16)
#80     StatefulElement.performRebuild (package:flutter/src/widgets/framework.dart:5982:11)
#81     Element.rebuild (package:flutter/src/widgets/framework.dart:5529:7)
#82     StatefulElement.update (package:flutter/src/widgets/framework.dart:6007:5)
#83     Element.updateChild (package:flutter/src/widgets/framework.dart:4037:15)
#84     ComponentElement.performRebuild (package:flutter/src/widgets/framework.dart:5841:16)
#85     StatefulElement.performRebuild (package:flutter/src/widgets/framework.dart:5982:11)
#86     Element.rebuild (package:flutter/src/widgets/framework.dart:5529:7)
#87     StatefulElement.update (package:flutter/src/widgets/framework.dart:6007:5)
#88     Element.updateChild (package:flutter/src/widgets/framework.dart:4037:15)
#89     Element.updateChildren (package:flutter/src/widgets/framework.dart:4191:32)
#90     MultiChildRenderObjectElement.update (package:flutter/src/widgets/framework.dart:7295:17)
#91     Element.updateChild (package:flutter/src/widgets/framework.dart:4037:15)
#92     ComponentElement.performRebuild (package:flutter/src/widgets/framework.dart:5841:16)
#93     Element.rebuild (package:flutter/src/widgets/framework.dart:5529:7)
#94     ProxyElement.update (package:flutter/src/widgets/framework.dart:6149:5)
#95     Element.updateChild (package:flutter/src/widgets/framework.dart:4037:15)
#96     Element.updateChildren (package:flutter/src/widgets/framework.dart:4191:32)
#97     MultiChildRenderObjectElement.update (package:flutter/src/widgets/framework.dart:7295:17)
#98     Element.updateChild (package:flutter/src/widgets/framework.dart:4037:15)
#99     SingleChildRenderObjectElement.update (package:flutter/src/widgets/framework.dart:7122:14)
#100    Element.updateChild (package:flutter/src/widgets/framework.dart:4037:15)
#101    Element.updateChildren (package:flutter/src/widgets/framework.dart:4191:32)
#102    MultiChildRenderObjectElement.update (package:flutter/src/widgets/framework.dart:7295:17)
#103    Element.updateChild (package:flutter/src/widgets/framework.dart:4037:15)
#104    SingleChildRenderObjectElement.update (package:flutter/src/widgets/framework.dart:7122:14)
#105    Element.updateChild (package:flutter/src/widgets/framework.dart:4037:15)
#106    SingleChildRenderObjectElement.update (package:flutter/src/widgets/framework.dart:7122:14)
#107    Element.updateChild (package:flutter/src/widgets/framework.dart:4037:15)
#108    SingleChildRenderObjectElement.update (package:flutter/src/widgets/framework.dart:7122:14)
#109    Element.updateChild (package:flutter/src/widgets/framework.dart:4037:15)
#110    SingleChildRenderObjectElement.update (package:flutter/src/widgets/framework.dart:7122:14)
#111    Element.updateChild (package:flutter/src/widgets/framework.dart:4037:15)
#112    SingleChildRenderObjectElement.update (package:flutter/src/widgets/framework.dart:7122:14)
#113    Element.updateChild (package:flutter/src/widgets/framework.dart:4037:15)
#114    SingleChildRenderObjectElement.update (package:flutter/src/widgets/framework.dart:7122:14)
#115    Element.updateChild (package:flutter/src/widgets/framework.dart:4037:15)
#116    ComponentElement.performRebuild (package:flutter/src/widgets/framework.dart:5841:16)
#117    StatefulElement.performRebuild (package:flutter/src/widgets/framework.dart:5982:11)
#118    Element.rebuild (package:flutter/src/widgets/framework.dart:5529:7)
#119    StatefulElement.update (package:flutter/src/widgets/framework.dart:6007:5)
#120    Element.updateChild (package:flutter/src/widgets/framework.dart:4037:15)
#121    SingleChildRenderObjectElement.update (package:flutter/src/widgets/framework.dart:7122:14)
#122    Element.updateChild (package:flutter/src/widgets/framework.dart:4037:15)
#123    ComponentElement.performRebuild (package:flutter/src/widgets/framework.dart:5841:16)
#124    Element.rebuild (package:flutter/src/widgets/framework.dart:5529:7)
#125    ProxyElement.update (package:flutter/src/widgets/framework.dart:6149:5)
#126    Element.updateChild (package:flutter/src/widgets/framework.dart:4037:15)
#127    SingleChildRenderObjectElement.update (package:flutter/src/widgets/framework.dart:7122:14)
#128    Element.updateChild (package:flutter/src/widgets/framework.dart:4037:15)
#129    ComponentElement.performRebuild (package:flutter/src/widgets/framework.dart:5841:16)
#130    Element.rebuild (package:flutter/src/widgets/framework.dart:5529:7)
#131    ProxyElement.update (package:flutter/src/widgets/framework.dart:6149:5)
#132    Element.updateChild (package:flutter/src/widgets/framework.dart:4037:15)
#133    ComponentElement.performRebuild (package:flutter/src/widgets/framework.dart:5841:16)
#134    StatefulElement.performRebuild (package:flutter/src/widgets/framework.dart:5982:11)
#135    Element.rebuild (package:flutter/src/widgets/framework.dart:5529:7)
#136    StatefulElement.update (package:flutter/src/widgets/framework.dart:6007:5)
#137    Element.updateChild (package:flutter/src/widgets/framework.dart:4037:15)
#138    ComponentElement.performRebuild (package:flutter/src/widgets/framework.dart:5841:16)
#139    Element.rebuild (package:flutter/src/widgets/framework.dart:5529:7)
#140    ProxyElement.update (package:flutter/src/widgets/framework.dart:6149:5)
#141    Element.updateChild (package:flutter/src/widgets/framework.dart:4037:15)
#142    ComponentElement.performRebuild (package:flutter/src/widgets/framework.dart:5841:16)
#143    Element.rebuild (package:flutter/src/widgets/framework.dart:5529:7)
#144    StatelessElement.update (package:flutter/src/widgets/framework.dart:5895:5)
#145    Element.updateChild (package:flutter/src/widgets/framework.dart:4037:15)
#146    ComponentElement.performRebuild (package:flutter/src/widgets/framework.dart:5841:16)
#147    Element.rebuild (package:flutter/src/widgets/framework.dart:5529:7)
#148    ProxyElement.update (package:flutter/src/widgets/framework.dart:6149:5)
#149    Element.updateChild (package:flutter/src/widgets/framework.dart:4037:15)
#150    Element.updateChildren (package:flutter/src/widgets/framework.dart:4191:32)
#151    MultiChildRenderObjectElement.update (package:flutter/src/widgets/framework.dart:7295:17)
#152    Element.updateChild (package:flutter/src/widgets/framework.dart:4037:15)
#153    SingleChildRenderObjectElement.update (package:flutter/src/widgets/framework.dart:7122:14)
#154    Element.updateChild (package:flutter/src/widgets/framework.dart:4037:15)
#155    ComponentElement.performRebuild (package:flutter/src/widgets/framework.dart:5841:16)
#156    Element.rebuild (package:flutter/src/widgets/framework.dart:5529:7)
#157    StatelessElement.update (package:flutter/src/widgets/framework.dart:5895:5)
#158    Element.updateChild (package:flutter/src/widgets/framework.dart:4037:15)
#159    ComponentElement.performRebuild (package:flutter/src/widgets/framework.dart:5841:16)
#160    Element.rebuild (package:flutter/src/widgets/framework.dart:5529:7)
#161    StatelessElement.update (package:flutter/src/widgets/framework.dart:5895:5)
#162    Element.updateChild (package:flutter/src/widgets/framework.dart:4037:15)
#163    ComponentElement.performRebuild (package:flutter/src/widgets/framework.dart:5841:16)
#164    Element.rebuild (package:flutter/src/widgets/framework.dart:5529:7)
#165    ProxyElement.update (package:flutter/src/widgets/framework.dart:6149:5)
#166    Element.updateChild (package:flutter/src/widgets/framework.dart:4037:15)
#167    ComponentElement.performRebuild (package:flutter/src/widgets/framework.dart:5841:16)
#168    Element.rebuild (package:flutter/src/widgets/framework.dart:5529:7)
#169    ProxyElement.update (package:flutter/src/widgets/framework.dart:6149:5)
#170    Element.updateChild (package:flutter/src/widgets/framework.dart:4037:15)
#171    Element.updateChildren (package:flutter/src/widgets/framework.dart:4191:32)
#172    MultiChildRenderObjectElement.update (package:flutter/src/widgets/framework.dart:7295:17)
#173    Element.updateChild (package:flutter/src/widgets/framework.dart:4037:15)
#174    ComponentElement.performRebuild (package:flutter/src/widgets/framework.dart:5841:16)
#175    Element.rebuild (package:flutter/src/widgets/framework.dart:5529:7)
#176    ProxyElement.update (package:flutter/src/widgets/framework.dart:6149:5)
#177    Element.updateChild (package:flutter/src/widgets/framework.dart:4037:15)
#178    ComponentElement.performRebuild (package:flutter/src/widgets/framework.dart:5841:16)
#179    StatefulElement.performRebuild (package:flutter/src/widgets/framework.dart:5982:11)
#180    Element.rebuild (package:flutter/src/widgets/framework.dart:5529:7)
#181    StatefulElement.update (package:flutter/src/widgets/framework.dart:6007:5)
#182    Element.updateChild (package:flutter/src/widgets/framework.dart:4037:15)
#183    ComponentElement.performRebuild (package:flutter/src/widgets/framework.dart:5841:16)
#184    StatefulElement.performRebuild (package:flutter/src/widgets/framework.dart:5982:11)
#185    Element.rebuild (package:flutter/src/widgets/framework.dart:5529:7)
#186    StatefulElement.update (package:flutter/src/widgets/framework.dart:6007:5)
#187    Element.updateChild (package:flutter/src/widgets/framework.dart:4037:15)
#188    ComponentElement.performRebuild (package:flutter/src/widgets/framework.dart:5841:16)
#189    Element.rebuild (package:flutter/src/widgets/framework.dart:5529:7)
#190    ProxyElement.update (package:flutter/src/widgets/framework.dart:6149:5)
#191    Element.updateChild (package:flutter/src/widgets/framework.dart:4037:15)
#192    ComponentElement.performRebuild (package:flutter/src/widgets/framework.dart:5841:16)
#193    StatefulElement.performRebuild (package:flutter/src/widgets/framework.dart:5982:11)
#194    Element.rebuild (package:flutter/src/widgets/framework.dart:5529:7)
#195    StatefulElement.update (package:flutter/src/widgets/framework.dart:6007:5)
#196    Element.updateChild (package:flutter/src/widgets/framework.dart:4037:15)
#197    SingleChildRenderObjectElement.update (package:flutter/src/widgets/framework.dart:7122:14)
#198    Element.updateChild (package:flutter/src/widgets/framework.dart:4037:15)
#199    ComponentElement.performRebuild (package:flutter/src/widgets/framework.dart:5841:16)
#200    Element.rebuild (package:flutter/src/widgets/framework.dart:5529:7)
#201    ProxyElement.update (package:flutter/src/widgets/framework.dart:6149:5)
#202    Element.updateChild (package:flutter/src/widgets/framework.dart:4037:15)
#203    SingleChildRenderObjectElement.update (package:flutter/src/widgets/framework.dart:7122:14)
#204    Element.updateChild (package:flutter/src/widgets/framework.dart:4037:15)
#205    ComponentElement.performRebuild (package:flutter/src/widgets/framework.dart:5841:16)
#206    StatefulElement.performRebuild (package:flutter/src/widgets/framework.dart:5982:11)
#207    Element.rebuild (package:flutter/src/widgets/framework.dart:5529:7)
#208    StatefulElement.update (package:flutter/src/widgets/framework.dart:6007:5)
#209    Element.updateChild (package:flutter/src/widgets/framework.dart:4037:15)
#210    ComponentElement.performRebuild (package:flutter/src/widgets/framework.dart:5841:16)
#211    StatefulElement.performRebuild (package:flutter/src/widgets/framework.dart:5982:11)
#212    Element.rebuild (package:flutter/src/widgets/framework.dart:5529:7)
#213    StatefulElement.update (package:flutter/src/widgets/framework.dart:6007:5)
#214    Element.updateChild (package:flutter/src/widgets/framework.dart:4037:15)
#215    ComponentElement.performRebuild (package:flutter/src/widgets/framework.dart:5841:16)
#216    Element.rebuild (package:flutter/src/widgets/framework.dart:5529:7)
#217    ProxyElement.update (package:flutter/src/widgets/framework.dart:6149:5)
#218    Element.updateChild (package:flutter/src/widgets/framework.dart:4037:15)
#219    ComponentElement.performRebuild (package:flutter/src/widgets/framework.dart:5841:16)
#220    Element.rebuild (package:flutter/src/widgets/framework.dart:5529:7)
#221    ProxyElement.update (package:flutter/src/widgets/framework.dart:6149:5)
#222    Element.updateChild (package:flutter/src/widgets/framework.dart:4037:15)
#223    ComponentElement.performRebuild (package:flutter/src/widgets/framework.dart:5841:16)
#224    Element.rebuild (package:flutter/src/widgets/framework.dart:5529:7)
#225    ProxyElement.update (package:flutter/src/widgets/framework.dart:6149:5)
#226    Element.updateChild (package:flutter/src/widgets/framework.dart:4037:15)
#227    ComponentElement.performRebuild (package:flutter/src/widgets/framework.dart:5841:16)
#228    StatefulElement.performRebuild (package:flutter/src/widgets/framework.dart:5982:11)
#229    Element.rebuild (package:flutter/src/widgets/framework.dart:5529:7)
#230    StatefulElement.update (package:flutter/src/widgets/framework.dart:6007:5)
#231    Element.updateChild (package:flutter/src/widgets/framework.dart:4037:15)
#232    ComponentElement.performRebuild (package:flutter/src/widgets/framework.dart:5841:16)
#233    Element.rebuild (package:flutter/src/widgets/framework.dart:5529:7)
#234    ProxyElement.update (package:flutter/src/widgets/framework.dart:6149:5)
#235    Element.updateChild (package:flutter/src/widgets/framework.dart:4037:15)
#236    ComponentElement.performRebuild (package:flutter/src/widgets/framework.dart:5841:16)
#237    StatefulElement.performRebuild (package:flutter/src/widgets/framework.dart:5982:11)
#238    Element.rebuild (package:flutter/src/widgets/framework.dart:5529:7)
#239    StatefulElement.update (package:flutter/src/widgets/framework.dart:6007:5)
#240    Element.updateChild (package:flutter/src/widgets/framework.dart:4037:15)
#241    ComponentElement.performRebuild (package:flutter/src/widgets/framework.dart:5841:16)
#242    Element.rebuild (package:flutter/src/widgets/framework.dart:5529:7)
#243    ProxyElement.update (package:flutter/src/widgets/framework.dart:6149:5)
#244    Element.updateChild (package:flutter/src/widgets/framework.dart:4037:15)
#245    ComponentElement.performRebuild (package:flutter/src/widgets/framework.dart:5841:16)
#246    Element.rebuild (package:flutter/src/widgets/framework.dart:5529:7)
#247    ProxyElement.update (package:flutter/src/widgets/framework.dart:6149:5)
#248    Element.updateChild (package:flutter/src/widgets/framework.dart:4037:15)
#249    ComponentElement.performRebuild (package:flutter/src/widgets/framework.dart:5841:16)
#250    Element.rebuild (package:flutter/src/widgets/framework.dart:5529:7)
#251    ProxyElement.update (package:flutter/src/widgets/framework.dart:6149:5)
#252    Element.updateChild (package:flutter/src/widgets/framework.dart:4037:15)
#253    ComponentElement.performRebuild (package:flutter/src/widgets/framework.dart:5841:16)
#254    Element.rebuild (package:flutter/src/widgets/framework.dart:5529:7)
#255    ProxyElement.update (package:flutter/src/widgets/framework.dart:6149:5)
#256    Element.updateChild (package:flutter/src/widgets/framework.dart:4037:15)
#257    ComponentElement.performRebuild (package:flutter/src/widgets/framework.dart:5841:16)
#258    Element.rebuild (package:flutter/src/widgets/framework.dart:5529:7)
#259    StatelessElement.update (package:flutter/src/widgets/framework.dart:5895:5)
#260    Element.updateChild (package:flutter/src/widgets/framework.dart:4037:15)
#261    ComponentElement.performRebuild (package:flutter/src/widgets/framework.dart:5841:16)
#262    Element.rebuild (package:flutter/src/widgets/framework.dart:5529:7)
#263    ProxyElement.update (package:flutter/src/widgets/framework.dart:6149:5)
#264    Element.updateChild (package:flutter/src/widgets/framework.dart:4037:15)
#265    ComponentElement.performRebuild (package:flutter/src/widgets/framework.dart:5841:16)
#266    Element.rebuild (package:flutter/src/widgets/framework.dart:5529:7)
#267    StatelessElement.update (package:flutter/src/widgets/framework.dart:5895:5)
#268    Element.updateChild (package:flutter/src/widgets/framework.dart:4037:15)
#269    ComponentElement.performRebuild (package:flutter/src/widgets/framework.dart:5841:16)
#270    Element.rebuild (package:flutter/src/widgets/framework.dart:5529:7)
#271    ProxyElement.update (package:flutter/src/widgets/framework.dart:6149:5)
#272    Element.updateChild (package:flutter/src/widgets/framework.dart:4037:15)
#273    ComponentElement.performRebuild (package:flutter/src/widgets/framework.dart:5841:16)
#274    StatefulElement.performRebuild (package:flutter/src/widgets/framework.dart:5982:11)
#275    Element.rebuild (package:flutter/src/widgets/framework.dart:5529:7)
#276    StatefulElement.update (package:flutter/src/widgets/framework.dart:6007:5)
#277    Element.updateChild (package:flutter/src/widgets/framework.dart:4037:15)
#278    ComponentElement.performRebuild (package:flutter/src/widgets/framework.dart:5841:16)
#279    Element.rebuild (package:flutter/src/widgets/framework.dart:5529:7)
#280    ProxyElement.update (package:flutter/src/widgets/framework.dart:6149:5)
#281    Element.updateChild (package:flutter/src/widgets/framework.dart:4037:15)
#282    ComponentElement.performRebuild (package:flutter/src/widgets/framework.dart:5841:16)
#283    StatefulElement.performRebuild (package:flutter/src/widgets/framework.dart:5982:11)
#284    Element.rebuild (package:flutter/src/widgets/framework.dart:5529:7)
#285    StatefulElement.update (package:flutter/src/widgets/framework.dart:6007:5)
#286    Element.updateChild (package:flutter/src/widgets/framework.dart:4037:15)
#287    SingleChildRenderObjectElement.update (package:flutter/src/widgets/framework.dart:7122:14)
#288    Element.updateChild (package:flutter/src/widgets/framework.dart:4037:15)
#289    ComponentElement.performRebuild (package:flutter/src/widgets/framework.dart:5841:16)
#290    Element.rebuild (package:flutter/src/widgets/framework.dart:5529:7)
#291    ProxyElement.update (package:flutter/src/widgets/framework.dart:6149:5)
#292    Element.updateChild (package:flutter/src/widgets/framework.dart:4037:15)
#293    SingleChildRenderObjectElement.update (package:flutter/src/widgets/framework.dart:7122:14)
#294    Element.updateChild (package:flutter/src/widgets/framework.dart:4037:15)
#295    ComponentElement.performRebuild (package:flutter/src/widgets/framework.dart:5841:16)
#296    Element.rebuild (package:flutter/src/widgets/framework.dart:5529:7)
#297    StatelessElement.update (package:flutter/src/widgets/framework.dart:5895:5)
#298    Element.updateChild (package:flutter/src/widgets/framework.dart:4037:15)
#299    SingleChildRenderObjectElement.update (package:flutter/src/widgets/framework.dart:7122:14)
#300    Element.updateChild (package:flutter/src/widgets/framework.dart:4037:15)
#301    ComponentElement.performRebuild (package:flutter/src/widgets/framework.dart:5841:16)
#302    StatefulElement.performRebuild (package:flutter/src/widgets/framework.dart:5982:11)
#303    Element.rebuild (package:flutter/src/widgets/framework.dart:5529:7)
#304    StatefulElement.update (package:flutter/src/widgets/framework.dart:6007:5)
#305    Element.updateChild (package:flutter/src/widgets/framework.dart:4037:15)
#306    ComponentElement.performRebuild (package:flutter/src/widgets/framework.dart:5841:16)
#307    StatefulElement.performRebuild (package:flutter/src/widgets/framework.dart:5982:11)
#308    Element.rebuild (package:flutter/src/widgets/framework.dart:5529:7)
#309    StatefulElement.update (package:flutter/src/widgets/framework.dart:6007:5)
#310    Element.updateChild (package:flutter/src/widgets/framework.dart:4037:15)
#311    SingleChildRenderObjectElement.update (package:flutter/src/widgets/framework.dart:7122:14)
#312    Element.updateChild (package:flutter/src/widgets/framework.dart:4037:15)
#313    SingleChildRenderObjectElement.update (package:flutter/src/widgets/framework.dart:7122:14)
#314    Element.updateChild (package:flutter/src/widgets/framework.dart:4037:15)
#315    ComponentElement.performRebuild (package:flutter/src/widgets/framework.dart:5841:16)
#316    Element.rebuild (package:flutter/src/widgets/framework.dart:5529:7)
#317    ProxyElement.update (package:flutter/src/widgets/framework.dart:6149:5)
#318    Element.updateChild (package:flutter/src/widgets/framework.dart:4037:15)
#319    SingleChildRenderObjectElement.update (package:flutter/src/widgets/framework.dart:7122:14)
#320    Element.updateChild (package:flutter/src/widgets/framework.dart:4037:15)
#321    ComponentElement.performRebuild (package:flutter/src/widgets/framework.dart:5841:16)
#322    StatefulElement.performRebuild (package:flutter/src/widgets/framework.dart:5982:11)
#323    Element.rebuild (package:flutter/src/widgets/framework.dart:5529:7)
#324    StatefulElement.update (package:flutter/src/widgets/framework.dart:6007:5)
#325    Element.updateChild (package:flutter/src/widgets/framework.dart:4037:15)
#326    SingleChildRenderObjectElement.update (package:flutter/src/widgets/framework.dart:7122:14)
#327    Element.updateChild (package:flutter/src/widgets/framework.dart:4037:15)
#328    ComponentElement.performRebuild (package:flutter/src/widgets/framework.dart:5841:16)
#329    Element.rebuild (package:flutter/src/widgets/framework.dart:5529:7)
#330    StatelessElement.update (package:flutter/src/widgets/framework.dart:5895:5)
#331    Element.updateChild (package:flutter/src/widgets/framework.dart:4037:15)
#332    ComponentElement.performRebuild (package:flutter/src/widgets/framework.dart:5841:16)
#333    StatefulElement.performRebuild (package:flutter/src/widgets/framework.dart:5982:11)
#334    Element.rebuild (package:flutter/src/widgets/framework.dart:5529:7)
#335    BuildScope._tryRebuild (package:flutter/src/widgets/framework.dart:2750:15)
#336    BuildScope._flushDirtyElements (package:flutter/src/widgets/framework.dart:2807:11)
#337    BuildOwner.buildScope (package:flutter/src/widgets/framework.dart:3111:18)
#338    AutomatedTestWidgetsFlutterBinding.drawFrame (package:flutter_test/src/binding.dart:2131:19)
#339    RendererBinding._handlePersistentFrameCallback (package:flutter/src/rendering/binding.dart:495:5)
#340    SchedulerBinding._invokeFrameCallback (package:flutter/src/scheduler/binding.dart:1430:15)
#341    SchedulerBinding.handleDrawFrame (package:flutter/src/scheduler/binding.dart:1345:9)
#342    AutomatedTestWidgetsFlutterBinding.pump.<anonymous closure> (package:flutter_test/src/binding.dart:1960:9)
#345    TestAsyncUtils.guard (package:flutter_test/src/test_async_utils.dart:74:41)
#346    AutomatedTestWidgetsFlutterBinding.pump (package:flutter_test/src/binding.dart:1949:27)
#347    WidgetTester.pumpAndSettle.<anonymous closure> (package:flutter_test/src/widget_tester.dart:719:23)
<asynchronous suspension>
#348    TestAsyncUtils.guard.<anonymous closure> (package:flutter_test/src/test_async_utils.dart:130:27)
<asynchronous suspension>
#349    main.openAndSubmitDialog (file:///Users/mba_hd/Development/Flutter/Projects/arrow_ops/test/features/customer/presentation/customer_form_dialog_city_validation_test.dart:61:5)
<asynchronous suspension>
#350    main.<anonymous closure> (file:///Users/mba_hd/Development/Flutter/Projects/arrow_ops/test/features/customer/presentation/customer_form_dialog_city_validation_test.dart:84:20)
<asynchronous suspension>
#351    testWidgets.<anonymous closure>.<anonymous closure> (package:flutter_test/src/widget_tester.dart:192:15)
<asynchronous suspension>
#352    TestWidgetsFlutterBinding._runTestBody (package:flutter_test/src/binding.dart:1682:5)
<asynchronous suspension>
<asynchronous suspension>
(elided 3 frames from dart:async and package:stack_trace)

════════════════════════════════════════════════════════════════════════════════════════════════════
══╡ EXCEPTION CAUGHT BY WIDGETS LIBRARY ╞═══════════════════════════════════════════════════════════
The following assertion was thrown building Builder-[LabeledGlobalKey<_RawMenuAnchorState>#44c12
MenuAnchor](dependencies: [_LocalizationsScope-[GlobalKey#b1743]]):
No MaterialLocalizations found.
Builder widgets require MaterialLocalizations to be provided by a Localizations widget ancestor.
The material library uses Localizations to generate messages, labels, and abbreviations.
To introduce a MaterialLocalizations, either use a MaterialApp at the root of your application to
include them automatically, or add a Localization widget with a MaterialLocalizations delegate.
The specific widget that could not find a MaterialLocalizations ancestor was:
  Builder-[LabeledGlobalKey<_RawMenuAnchorState>#44c12 MenuAnchor]
The ancestors of this widget were:
  ...
  TapRegion
  _FocusInheritedScope
  Focus
  Shortcuts
  Semantics
  ...

The relevant error-causing widget was:
  DropdownMenu<String>
  DropdownMenu:file:///Users/mba_hd/Development/Flutter/Projects/arrow_ops/lib/features/customer/presentation/widgets/customer_form_dialog.dart:914:12

When the exception was thrown, this was the stack:
#0      debugCheckHasMaterialLocalizations.<anonymous closure> (package:flutter/src/material/debug.dart:97:7)
#1      debugCheckHasMaterialLocalizations (package:flutter/src/material/debug.dart:117:4)
#2      MaterialLocalizations.of (package:flutter/src/material/material_localizations.dart:717:12)
#3      _DropdownMenuState.build.<anonymous closure> (package:flutter/src/material/dropdown_menu.dart:1251:75)
#4      _RawMenuAnchorState.buildAnchor.<anonymous closure> (package:flutter/src/widgets/raw_menu_anchor.dart:813:36)
#5      Builder.build (package:flutter/src/widgets/basic.dart:8396:48)
#6      StatelessElement.build (package:flutter/src/widgets/framework.dart:5889:49)
#7      ComponentElement.performRebuild (package:flutter/src/widgets/framework.dart:5817:15)
#8      Element.rebuild (package:flutter/src/widgets/framework.dart:5529:7)
#9      StatelessElement.update (package:flutter/src/widgets/framework.dart:5895:5)
#10     Element.updateChild (package:flutter/src/widgets/framework.dart:4037:15)
#11     SingleChildRenderObjectElement.update (package:flutter/src/widgets/framework.dart:7122:14)
#12     Element.updateChild (package:flutter/src/widgets/framework.dart:4037:15)
#13     ComponentElement.performRebuild (package:flutter/src/widgets/framework.dart:5841:16)
#14     Element.rebuild (package:flutter/src/widgets/framework.dart:5529:7)
#15     ProxyElement.update (package:flutter/src/widgets/framework.dart:6149:5)
#16     _InheritedNotifierElement.update (package:flutter/src/widgets/inherited_notifier.dart:108:11)
#17     Element.updateChild (package:flutter/src/widgets/framework.dart:4037:15)
#18     ComponentElement.performRebuild (package:flutter/src/widgets/framework.dart:5841:16)
#19     StatefulElement.performRebuild (package:flutter/src/widgets/framework.dart:5982:11)
#20     Element.rebuild (package:flutter/src/widgets/framework.dart:5529:7)
#21     StatefulElement.update (package:flutter/src/widgets/framework.dart:6007:5)
#22     Element.updateChild (package:flutter/src/widgets/framework.dart:4037:15)
#23     ComponentElement.performRebuild (package:flutter/src/widgets/framework.dart:5841:16)
#24     StatefulElement.performRebuild (package:flutter/src/widgets/framework.dart:5982:11)
#25     Element.rebuild (package:flutter/src/widgets/framework.dart:5529:7)
#26     StatefulElement.update (package:flutter/src/widgets/framework.dart:6007:5)
#27     Element.updateChild (package:flutter/src/widgets/framework.dart:4037:15)
#28     SingleChildRenderObjectElement.update (package:flutter/src/widgets/framework.dart:7122:14)
#29     Element.updateChild (package:flutter/src/widgets/framework.dart:4037:15)
#30     _OverlayPortalElement.update (package:flutter/src/widgets/overlay.dart:2313:14)
#31     Element.updateChild (package:flutter/src/widgets/framework.dart:4037:15)
#32     ComponentElement.performRebuild (package:flutter/src/widgets/framework.dart:5841:16)
#33     StatefulElement.performRebuild (package:flutter/src/widgets/framework.dart:5982:11)
#34     Element.rebuild (package:flutter/src/widgets/framework.dart:5529:7)
#35     StatefulElement.update (package:flutter/src/widgets/framework.dart:6007:5)
#36     Element.updateChild (package:flutter/src/widgets/framework.dart:4037:15)
#37     ComponentElement.performRebuild (package:flutter/src/widgets/framework.dart:5841:16)
#38     Element.rebuild (package:flutter/src/widgets/framework.dart:5529:7)
#39     StatelessElement.update (package:flutter/src/widgets/framework.dart:5895:5)
#40     Element.updateChild (package:flutter/src/widgets/framework.dart:4037:15)
#41     ComponentElement.performRebuild (package:flutter/src/widgets/framework.dart:5841:16)
#42     Element.rebuild (package:flutter/src/widgets/framework.dart:5529:7)
#43     ProxyElement.update (package:flutter/src/widgets/framework.dart:6149:5)
#44     Element.updateChild (package:flutter/src/widgets/framework.dart:4037:15)
#45     ComponentElement.performRebuild (package:flutter/src/widgets/framework.dart:5841:16)
#46     StatefulElement.performRebuild (package:flutter/src/widgets/framework.dart:5982:11)
#47     Element.rebuild (package:flutter/src/widgets/framework.dart:5529:7)
#48     StatefulElement.update (package:flutter/src/widgets/framework.dart:6007:5)
#49     Element.updateChild (package:flutter/src/widgets/framework.dart:4037:15)
#50     ComponentElement.performRebuild (package:flutter/src/widgets/framework.dart:5841:16)
#51     Element.rebuild (package:flutter/src/widgets/framework.dart:5529:7)
#52     ProxyElement.update (package:flutter/src/widgets/framework.dart:6149:5)
#53     Element.updateChild (package:flutter/src/widgets/framework.dart:4037:15)
#54     ComponentElement.performRebuild (package:flutter/src/widgets/framework.dart:5841:16)
#55     StatefulElement.performRebuild (package:flutter/src/widgets/framework.dart:5982:11)
#56     Element.rebuild (package:flutter/src/widgets/framework.dart:5529:7)
#57     StatefulElement.update (package:flutter/src/widgets/framework.dart:6007:5)
#58     Element.updateChild (package:flutter/src/widgets/framework.dart:4037:15)
#59     ComponentElement.performRebuild (package:flutter/src/widgets/framework.dart:5841:16)
#60     Element.rebuild (package:flutter/src/widgets/framework.dart:5529:7)
#61     ProxyElement.update (package:flutter/src/widgets/framework.dart:6149:5)
#62     Element.updateChild (package:flutter/src/widgets/framework.dart:4037:15)
#63     ComponentElement.performRebuild (package:flutter/src/widgets/framework.dart:5841:16)
#64     StatefulElement.performRebuild (package:flutter/src/widgets/framework.dart:5982:11)
#65     Element.rebuild (package:flutter/src/widgets/framework.dart:5529:7)
#66     StatefulElement.update (package:flutter/src/widgets/framework.dart:6007:5)
#67     Element.updateChild (package:flutter/src/widgets/framework.dart:4037:15)
#68     SingleChildRenderObjectElement.update (package:flutter/src/widgets/framework.dart:7122:14)
#69     Element.updateChild (package:flutter/src/widgets/framework.dart:4037:15)
#70     SingleChildRenderObjectElement.update (package:flutter/src/widgets/framework.dart:7122:14)
#71     Element.updateChild (package:flutter/src/widgets/framework.dart:4037:15)
#72     Element.updateChildren (package:flutter/src/widgets/framework.dart:4191:32)
#73     MultiChildRenderObjectElement.update (package:flutter/src/widgets/framework.dart:7295:17)
#74     Element.updateChild (package:flutter/src/widgets/framework.dart:4037:15)
#75     ComponentElement.performRebuild (package:flutter/src/widgets/framework.dart:5841:16)
#76     Element.rebuild (package:flutter/src/widgets/framework.dart:5529:7)
#77     ProxyElement.update (package:flutter/src/widgets/framework.dart:6149:5)
#78     Element.updateChild (package:flutter/src/widgets/framework.dart:4037:15)
#79     ComponentElement.performRebuild (package:flutter/src/widgets/framework.dart:5841:16)
#80     StatefulElement.performRebuild (package:flutter/src/widgets/framework.dart:5982:11)
#81     Element.rebuild (package:flutter/src/widgets/framework.dart:5529:7)
#82     StatefulElement.update (package:flutter/src/widgets/framework.dart:6007:5)
#83     Element.updateChild (package:flutter/src/widgets/framework.dart:4037:15)
#84     ComponentElement.performRebuild (package:flutter/src/widgets/framework.dart:5841:16)
#85     StatefulElement.performRebuild (package:flutter/src/widgets/framework.dart:5982:11)
#86     Element.rebuild (package:flutter/src/widgets/framework.dart:5529:7)
#87     StatefulElement.update (package:flutter/src/widgets/framework.dart:6007:5)
#88     Element.updateChild (package:flutter/src/widgets/framework.dart:4037:15)
#89     Element.updateChildren (package:flutter/src/widgets/framework.dart:4191:32)
#90     MultiChildRenderObjectElement.update (package:flutter/src/widgets/framework.dart:7295:17)
#91     Element.updateChild (package:flutter/src/widgets/framework.dart:4037:15)
#92     ComponentElement.performRebuild (package:flutter/src/widgets/framework.dart:5841:16)
#93     Element.rebuild (package:flutter/src/widgets/framework.dart:5529:7)
#94     ProxyElement.update (package:flutter/src/widgets/framework.dart:6149:5)
#95     Element.updateChild (package:flutter/src/widgets/framework.dart:4037:15)
#96     Element.updateChildren (package:flutter/src/widgets/framework.dart:4191:32)
#97     MultiChildRenderObjectElement.update (package:flutter/src/widgets/framework.dart:7295:17)
#98     Element.updateChild (package:flutter/src/widgets/framework.dart:4037:15)
#99     SingleChildRenderObjectElement.update (package:flutter/src/widgets/framework.dart:7122:14)
#100    Element.updateChild (package:flutter/src/widgets/framework.dart:4037:15)
#101    Element.updateChildren (package:flutter/src/widgets/framework.dart:4191:32)
#102    MultiChildRenderObjectElement.update (package:flutter/src/widgets/framework.dart:7295:17)
#103    Element.updateChild (package:flutter/src/widgets/framework.dart:4037:15)
#104    SingleChildRenderObjectElement.update (package:flutter/src/widgets/framework.dart:7122:14)
#105    Element.updateChild (package:flutter/src/widgets/framework.dart:4037:15)
#106    SingleChildRenderObjectElement.update (package:flutter/src/widgets/framework.dart:7122:14)
#107    Element.updateChild (package:flutter/src/widgets/framework.dart:4037:15)
#108    SingleChildRenderObjectElement.update (package:flutter/src/widgets/framework.dart:7122:14)
#109    Element.updateChild (package:flutter/src/widgets/framework.dart:4037:15)
#110    SingleChildRenderObjectElement.update (package:flutter/src/widgets/framework.dart:7122:14)
#111    Element.updateChild (package:flutter/src/widgets/framework.dart:4037:15)
#112    SingleChildRenderObjectElement.update (package:flutter/src/widgets/framework.dart:7122:14)
#113    Element.updateChild (package:flutter/src/widgets/framework.dart:4037:15)
#114    SingleChildRenderObjectElement.update (package:flutter/src/widgets/framework.dart:7122:14)
#115    Element.updateChild (package:flutter/src/widgets/framework.dart:4037:15)
#116    ComponentElement.performRebuild (package:flutter/src/widgets/framework.dart:5841:16)
#117    StatefulElement.performRebuild (package:flutter/src/widgets/framework.dart:5982:11)
#118    Element.rebuild (package:flutter/src/widgets/framework.dart:5529:7)
#119    StatefulElement.update (package:flutter/src/widgets/framework.dart:6007:5)
#120    Element.updateChild (package:flutter/src/widgets/framework.dart:4037:15)
#121    SingleChildRenderObjectElement.update (package:flutter/src/widgets/framework.dart:7122:14)
#122    Element.updateChild (package:flutter/src/widgets/framework.dart:4037:15)
#123    ComponentElement.performRebuild (package:flutter/src/widgets/framework.dart:5841:16)
#124    Element.rebuild (package:flutter/src/widgets/framework.dart:5529:7)
#125    ProxyElement.update (package:flutter/src/widgets/framework.dart:6149:5)
#126    Element.updateChild (package:flutter/src/widgets/framework.dart:4037:15)
#127    SingleChildRenderObjectElement.update (package:flutter/src/widgets/framework.dart:7122:14)
#128    Element.updateChild (package:flutter/src/widgets/framework.dart:4037:15)
#129    ComponentElement.performRebuild (package:flutter/src/widgets/framework.dart:5841:16)
#130    Element.rebuild (package:flutter/src/widgets/framework.dart:5529:7)
#131    ProxyElement.update (package:flutter/src/widgets/framework.dart:6149:5)
#132    Element.updateChild (package:flutter/src/widgets/framework.dart:4037:15)
#133    ComponentElement.performRebuild (package:flutter/src/widgets/framework.dart:5841:16)
#134    StatefulElement.performRebuild (package:flutter/src/widgets/framework.dart:5982:11)
#135    Element.rebuild (package:flutter/src/widgets/framework.dart:5529:7)
#136    StatefulElement.update (package:flutter/src/widgets/framework.dart:6007:5)
#137    Element.updateChild (package:flutter/src/widgets/framework.dart:4037:15)
#138    ComponentElement.performRebuild (package:flutter/src/widgets/framework.dart:5841:16)
#139    Element.rebuild (package:flutter/src/widgets/framework.dart:5529:7)
#140    ProxyElement.update (package:flutter/src/widgets/framework.dart:6149:5)
#141    Element.updateChild (package:flutter/src/widgets/framework.dart:4037:15)
#142    ComponentElement.performRebuild (package:flutter/src/widgets/framework.dart:5841:16)
#143    Element.rebuild (package:flutter/src/widgets/framework.dart:5529:7)
#144    StatelessElement.update (package:flutter/src/widgets/framework.dart:5895:5)
#145    Element.updateChild (package:flutter/src/widgets/framework.dart:4037:15)
#146    ComponentElement.performRebuild (package:flutter/src/widgets/framework.dart:5841:16)
#147    Element.rebuild (package:flutter/src/widgets/framework.dart:5529:7)
#148    ProxyElement.update (package:flutter/src/widgets/framework.dart:6149:5)
#149    Element.updateChild (package:flutter/src/widgets/framework.dart:4037:15)
#150    Element.updateChildren (package:flutter/src/widgets/framework.dart:4191:32)
#151    MultiChildRenderObjectElement.update (package:flutter/src/widgets/framework.dart:7295:17)
#152    Element.updateChild (package:flutter/src/widgets/framework.dart:4037:15)
#153    SingleChildRenderObjectElement.update (package:flutter/src/widgets/framework.dart:7122:14)
#154    Element.updateChild (package:flutter/src/widgets/framework.dart:4037:15)
#155    ComponentElement.performRebuild (package:flutter/src/widgets/framework.dart:5841:16)
#156    Element.rebuild (package:flutter/src/widgets/framework.dart:5529:7)
#157    StatelessElement.update (package:flutter/src/widgets/framework.dart:5895:5)
#158    Element.updateChild (package:flutter/src/widgets/framework.dart:4037:15)
#159    ComponentElement.performRebuild (package:flutter/src/widgets/framework.dart:5841:16)
#160    Element.rebuild (package:flutter/src/widgets/framework.dart:5529:7)
#161    StatelessElement.update (package:flutter/src/widgets/framework.dart:5895:5)
#162    Element.updateChild (package:flutter/src/widgets/framework.dart:4037:15)
#163    ComponentElement.performRebuild (package:flutter/src/widgets/framework.dart:5841:16)
#164    Element.rebuild (package:flutter/src/widgets/framework.dart:5529:7)
#165    ProxyElement.update (package:flutter/src/widgets/framework.dart:6149:5)
#166    Element.updateChild (package:flutter/src/widgets/framework.dart:4037:15)
#167    ComponentElement.performRebuild (package:flutter/src/widgets/framework.dart:5841:16)
#168    Element.rebuild (package:flutter/src/widgets/framework.dart:5529:7)
#169    ProxyElement.update (package:flutter/src/widgets/framework.dart:6149:5)
#170    Element.updateChild (package:flutter/src/widgets/framework.dart:4037:15)
#171    Element.updateChildren (package:flutter/src/widgets/framework.dart:4191:32)
#172    MultiChildRenderObjectElement.update (package:flutter/src/widgets/framework.dart:7295:17)
#173    Element.updateChild (package:flutter/src/widgets/framework.dart:4037:15)
#174    ComponentElement.performRebuild (package:flutter/src/widgets/framework.dart:5841:16)
#175    Element.rebuild (package:flutter/src/widgets/framework.dart:5529:7)
#176    ProxyElement.update (package:flutter/src/widgets/framework.dart:6149:5)
#177    Element.updateChild (package:flutter/src/widgets/framework.dart:4037:15)
#178    ComponentElement.performRebuild (package:flutter/src/widgets/framework.dart:5841:16)
#179    StatefulElement.performRebuild (package:flutter/src/widgets/framework.dart:5982:11)
#180    Element.rebuild (package:flutter/src/widgets/framework.dart:5529:7)
#181    StatefulElement.update (package:flutter/src/widgets/framework.dart:6007:5)
#182    Element.updateChild (package:flutter/src/widgets/framework.dart:4037:15)
#183    ComponentElement.performRebuild (package:flutter/src/widgets/framework.dart:5841:16)
#184    StatefulElement.performRebuild (package:flutter/src/widgets/framework.dart:5982:11)
#185    Element.rebuild (package:flutter/src/widgets/framework.dart:5529:7)
#186    StatefulElement.update (package:flutter/src/widgets/framework.dart:6007:5)
#187    Element.updateChild (package:flutter/src/widgets/framework.dart:4037:15)
#188    ComponentElement.performRebuild (package:flutter/src/widgets/framework.dart:5841:16)
#189    Element.rebuild (package:flutter/src/widgets/framework.dart:5529:7)
#190    ProxyElement.update (package:flutter/src/widgets/framework.dart:6149:5)
#191    Element.updateChild (package:flutter/src/widgets/framework.dart:4037:15)
#192    ComponentElement.performRebuild (package:flutter/src/widgets/framework.dart:5841:16)
#193    StatefulElement.performRebuild (package:flutter/src/widgets/framework.dart:5982:11)
#194    Element.rebuild (package:flutter/src/widgets/framework.dart:5529:7)
#195    StatefulElement.update (package:flutter/src/widgets/framework.dart:6007:5)
#196    Element.updateChild (package:flutter/src/widgets/framework.dart:4037:15)
#197    SingleChildRenderObjectElement.update (package:flutter/src/widgets/framework.dart:7122:14)
#198    Element.updateChild (package:flutter/src/widgets/framework.dart:4037:15)
#199    ComponentElement.performRebuild (package:flutter/src/widgets/framework.dart:5841:16)
#200    Element.rebuild (package:flutter/src/widgets/framework.dart:5529:7)
#201    ProxyElement.update (package:flutter/src/widgets/framework.dart:6149:5)
#202    Element.updateChild (package:flutter/src/widgets/framework.dart:4037:15)
#203    SingleChildRenderObjectElement.update (package:flutter/src/widgets/framework.dart:7122:14)
#204    Element.updateChild (package:flutter/src/widgets/framework.dart:4037:15)
#205    ComponentElement.performRebuild (package:flutter/src/widgets/framework.dart:5841:16)
#206    StatefulElement.performRebuild (package:flutter/src/widgets/framework.dart:5982:11)
#207    Element.rebuild (package:flutter/src/widgets/framework.dart:5529:7)
#208    StatefulElement.update (package:flutter/src/widgets/framework.dart:6007:5)
#209    Element.updateChild (package:flutter/src/widgets/framework.dart:4037:15)
#210    ComponentElement.performRebuild (package:flutter/src/widgets/framework.dart:5841:16)
#211    StatefulElement.performRebuild (package:flutter/src/widgets/framework.dart:5982:11)
#212    Element.rebuild (package:flutter/src/widgets/framework.dart:5529:7)
#213    StatefulElement.update (package:flutter/src/widgets/framework.dart:6007:5)
#214    Element.updateChild (package:flutter/src/widgets/framework.dart:4037:15)
#215    ComponentElement.performRebuild (package:flutter/src/widgets/framework.dart:5841:16)
#216    Element.rebuild (package:flutter/src/widgets/framework.dart:5529:7)
#217    ProxyElement.update (package:flutter/src/widgets/framework.dart:6149:5)
#218    Element.updateChild (package:flutter/src/widgets/framework.dart:4037:15)
#219    ComponentElement.performRebuild (package:flutter/src/widgets/framework.dart:5841:16)
#220    Element.rebuild (package:flutter/src/widgets/framework.dart:5529:7)
#221    ProxyElement.update (package:flutter/src/widgets/framework.dart:6149:5)
#222    Element.updateChild (package:flutter/src/widgets/framework.dart:4037:15)
#223    ComponentElement.performRebuild (package:flutter/src/widgets/framework.dart:5841:16)
#224    Element.rebuild (package:flutter/src/widgets/framework.dart:5529:7)
#225    ProxyElement.update (package:flutter/src/widgets/framework.dart:6149:5)
#226    Element.updateChild (package:flutter/src/widgets/framework.dart:4037:15)
#227    ComponentElement.performRebuild (package:flutter/src/widgets/framework.dart:5841:16)
#228    StatefulElement.performRebuild (package:flutter/src/widgets/framework.dart:5982:11)
#229    Element.rebuild (package:flutter/src/widgets/framework.dart:5529:7)
#230    StatefulElement.update (package:flutter/src/widgets/framework.dart:6007:5)
#231    Element.updateChild (package:flutter/src/widgets/framework.dart:4037:15)
#232    ComponentElement.performRebuild (package:flutter/src/widgets/framework.dart:5841:16)
#233    Element.rebuild (package:flutter/src/widgets/framework.dart:5529:7)
#234    ProxyElement.update (package:flutter/src/widgets/framework.dart:6149:5)
#235    Element.updateChild (package:flutter/src/widgets/framework.dart:4037:15)
#236    ComponentElement.performRebuild (package:flutter/src/widgets/framework.dart:5841:16)
#237    StatefulElement.performRebuild (package:flutter/src/widgets/framework.dart:5982:11)
#238    Element.rebuild (package:flutter/src/widgets/framework.dart:5529:7)
#239    StatefulElement.update (package:flutter/src/widgets/framework.dart:6007:5)
#240    Element.updateChild (package:flutter/src/widgets/framework.dart:4037:15)
#241    ComponentElement.performRebuild (package:flutter/src/widgets/framework.dart:5841:16)
#242    Element.rebuild (package:flutter/src/widgets/framework.dart:5529:7)
#243    ProxyElement.update (package:flutter/src/widgets/framework.dart:6149:5)
#244    Element.updateChild (package:flutter/src/widgets/framework.dart:4037:15)
#245    ComponentElement.performRebuild (package:flutter/src/widgets/framework.dart:5841:16)
#246    Element.rebuild (package:flutter/src/widgets/framework.dart:5529:7)
#247    ProxyElement.update (package:flutter/src/widgets/framework.dart:6149:5)
#248    Element.updateChild (package:flutter/src/widgets/framework.dart:4037:15)
#249    ComponentElement.performRebuild (package:flutter/src/widgets/framework.dart:5841:16)
#250    Element.rebuild (package:flutter/src/widgets/framework.dart:5529:7)
#251    ProxyElement.update (package:flutter/src/widgets/framework.dart:6149:5)
#252    Element.updateChild (package:flutter/src/widgets/framework.dart:4037:15)
#253    ComponentElement.performRebuild (package:flutter/src/widgets/framework.dart:5841:16)
#254    Element.rebuild (package:flutter/src/widgets/framework.dart:5529:7)
#255    ProxyElement.update (package:flutter/src/widgets/framework.dart:6149:5)
#256    Element.updateChild (package:flutter/src/widgets/framework.dart:4037:15)
#257    ComponentElement.performRebuild (package:flutter/src/widgets/framework.dart:5841:16)
#258    Element.rebuild (package:flutter/src/widgets/framework.dart:5529:7)
#259    StatelessElement.update (package:flutter/src/widgets/framework.dart:5895:5)
#260    Element.updateChild (package:flutter/src/widgets/framework.dart:4037:15)
#261    ComponentElement.performRebuild (package:flutter/src/widgets/framework.dart:5841:16)
#262    Element.rebuild (package:flutter/src/widgets/framework.dart:5529:7)
#263    ProxyElement.update (package:flutter/src/widgets/framework.dart:6149:5)
#264    Element.updateChild (package:flutter/src/widgets/framework.dart:4037:15)
#265    ComponentElement.performRebuild (package:flutter/src/widgets/framework.dart:5841:16)
#266    Element.rebuild (package:flutter/src/widgets/framework.dart:5529:7)
#267    StatelessElement.update (package:flutter/src/widgets/framework.dart:5895:5)
#268    Element.updateChild (package:flutter/src/widgets/framework.dart:4037:15)
#269    ComponentElement.performRebuild (package:flutter/src/widgets/framework.dart:5841:16)
#270    Element.rebuild (package:flutter/src/widgets/framework.dart:5529:7)
#271    ProxyElement.update (package:flutter/src/widgets/framework.dart:6149:5)
#272    Element.updateChild (package:flutter/src/widgets/framework.dart:4037:15)
#273    ComponentElement.performRebuild (package:flutter/src/widgets/framework.dart:5841:16)
#274    StatefulElement.performRebuild (package:flutter/src/widgets/framework.dart:5982:11)
#275    Element.rebuild (package:flutter/src/widgets/framework.dart:5529:7)
#276    StatefulElement.update (package:flutter/src/widgets/framework.dart:6007:5)
#277    Element.updateChild (package:flutter/src/widgets/framework.dart:4037:15)
#278    ComponentElement.performRebuild (package:flutter/src/widgets/framework.dart:5841:16)
#279    Element.rebuild (package:flutter/src/widgets/framework.dart:5529:7)
#280    ProxyElement.update (package:flutter/src/widgets/framework.dart:6149:5)
#281    Element.updateChild (package:flutter/src/widgets/framework.dart:4037:15)
#282    ComponentElement.performRebuild (package:flutter/src/widgets/framework.dart:5841:16)
#283    StatefulElement.performRebuild (package:flutter/src/widgets/framework.dart:5982:11)
#284    Element.rebuild (package:flutter/src/widgets/framework.dart:5529:7)
#285    StatefulElement.update (package:flutter/src/widgets/framework.dart:6007:5)
#286    Element.updateChild (package:flutter/src/widgets/framework.dart:4037:15)
#287    SingleChildRenderObjectElement.update (package:flutter/src/widgets/framework.dart:7122:14)
#288    Element.updateChild (package:flutter/src/widgets/framework.dart:4037:15)
#289    ComponentElement.performRebuild (package:flutter/src/widgets/framework.dart:5841:16)
#290    Element.rebuild (package:flutter/src/widgets/framework.dart:5529:7)
#291    ProxyElement.update (package:flutter/src/widgets/framework.dart:6149:5)
#292    Element.updateChild (package:flutter/src/widgets/framework.dart:4037:15)
#293    SingleChildRenderObjectElement.update (package:flutter/src/widgets/framework.dart:7122:14)
#294    Element.updateChild (package:flutter/src/widgets/framework.dart:4037:15)
#295    ComponentElement.performRebuild (package:flutter/src/widgets/framework.dart:5841:16)
#296    Element.rebuild (package:flutter/src/widgets/framework.dart:5529:7)
#297    StatelessElement.update (package:flutter/src/widgets/framework.dart:5895:5)
#298    Element.updateChild (package:flutter/src/widgets/framework.dart:4037:15)
#299    SingleChildRenderObjectElement.update (package:flutter/src/widgets/framework.dart:7122:14)
#300    Element.updateChild (package:flutter/src/widgets/framework.dart:4037:15)
#301    ComponentElement.performRebuild (package:flutter/src/widgets/framework.dart:5841:16)
#302    StatefulElement.performRebuild (package:flutter/src/widgets/framework.dart:5982:11)
#303    Element.rebuild (package:flutter/src/widgets/framework.dart:5529:7)
#304    StatefulElement.update (package:flutter/src/widgets/framework.dart:6007:5)
#305    Element.updateChild (package:flutter/src/widgets/framework.dart:4037:15)
#306    ComponentElement.performRebuild (package:flutter/src/widgets/framework.dart:5841:16)
#307    StatefulElement.performRebuild (package:flutter/src/widgets/framework.dart:5982:11)
#308    Element.rebuild (package:flutter/src/widgets/framework.dart:5529:7)
#309    StatefulElement.update (package:flutter/src/widgets/framework.dart:6007:5)
#310    Element.updateChild (package:flutter/src/widgets/framework.dart:4037:15)
#311    SingleChildRenderObjectElement.update (package:flutter/src/widgets/framework.dart:7122:14)
#312    Element.updateChild (package:flutter/src/widgets/framework.dart:4037:15)
#313    SingleChildRenderObjectElement.update (package:flutter/src/widgets/framework.dart:7122:14)
#314    Element.updateChild (package:flutter/src/widgets/framework.dart:4037:15)
#315    ComponentElement.performRebuild (package:flutter/src/widgets/framework.dart:5841:16)
#316    Element.rebuild (package:flutter/src/widgets/framework.dart:5529:7)
#317    ProxyElement.update (package:flutter/src/widgets/framework.dart:6149:5)
#318    Element.updateChild (package:flutter/src/widgets/framework.dart:4037:15)
#319    SingleChildRenderObjectElement.update (package:flutter/src/widgets/framework.dart:7122:14)
#320    Element.updateChild (package:flutter/src/widgets/framework.dart:4037:15)
#321    ComponentElement.performRebuild (package:flutter/src/widgets/framework.dart:5841:16)
#322    StatefulElement.performRebuild (package:flutter/src/widgets/framework.dart:5982:11)
#323    Element.rebuild (package:flutter/src/widgets/framework.dart:5529:7)
#324    StatefulElement.update (package:flutter/src/widgets/framework.dart:6007:5)
#325    Element.updateChild (package:flutter/src/widgets/framework.dart:4037:15)
#326    SingleChildRenderObjectElement.update (package:flutter/src/widgets/framework.dart:7122:14)
#327    Element.updateChild (package:flutter/src/widgets/framework.dart:4037:15)
#328    ComponentElement.performRebuild (package:flutter/src/widgets/framework.dart:5841:16)
#329    Element.rebuild (package:flutter/src/widgets/framework.dart:5529:7)
#330    StatelessElement.update (package:flutter/src/widgets/framework.dart:5895:5)
#331    Element.updateChild (package:flutter/src/widgets/framework.dart:4037:15)
#332    ComponentElement.performRebuild (package:flutter/src/widgets/framework.dart:5841:16)
#333    StatefulElement.performRebuild (package:flutter/src/widgets/framework.dart:5982:11)
#334    Element.rebuild (package:flutter/src/widgets/framework.dart:5529:7)
#335    BuildScope._tryRebuild (package:flutter/src/widgets/framework.dart:2750:15)
#336    BuildScope._flushDirtyElements (package:flutter/src/widgets/framework.dart:2807:11)
#337    BuildOwner.buildScope (package:flutter/src/widgets/framework.dart:3111:18)
#338    AutomatedTestWidgetsFlutterBinding.drawFrame (package:flutter_test/src/binding.dart:2131:19)
#339    RendererBinding._handlePersistentFrameCallback (package:flutter/src/rendering/binding.dart:495:5)
#340    SchedulerBinding._invokeFrameCallback (package:flutter/src/scheduler/binding.dart:1430:15)
#341    SchedulerBinding.handleDrawFrame (package:flutter/src/scheduler/binding.dart:1345:9)
#342    AutomatedTestWidgetsFlutterBinding.pump.<anonymous closure> (package:flutter_test/src/binding.dart:1960:9)
#345    TestAsyncUtils.guard (package:flutter_test/src/test_async_utils.dart:74:41)
#346    AutomatedTestWidgetsFlutterBinding.pump (package:flutter_test/src/binding.dart:1949:27)
#347    WidgetTester.pumpAndSettle.<anonymous closure> (package:flutter_test/src/widget_tester.dart:719:23)
<asynchronous suspension>
#348    TestAsyncUtils.guard.<anonymous closure> (package:flutter_test/src/test_async_utils.dart:130:27)
<asynchronous suspension>
#349    main.openAndSubmitDialog (file:///Users/mba_hd/Development/Flutter/Projects/arrow_ops/test/features/customer/presentation/customer_form_dialog_city_validation_test.dart:61:5)
<asynchronous suspension>
#350    main.<anonymous closure> (file:///Users/mba_hd/Development/Flutter/Projects/arrow_ops/test/features/customer/presentation/customer_form_dialog_city_validation_test.dart:84:20)
<asynchronous suspension>
#351    testWidgets.<anonymous closure>.<anonymous closure> (package:flutter_test/src/widget_tester.dart:192:15)
<asynchronous suspension>
#352    TestWidgetsFlutterBinding._runTestBody (package:flutter_test/src/binding.dart:1682:5)
<asynchronous suspension>
<asynchronous suspension>
(elided 3 frames from dart:async and package:stack_trace)

════════════════════════════════════════════════════════════════════════════════════════════════════
══╡ EXCEPTION CAUGHT BY FLUTTER TEST FRAMEWORK ╞════════════════════════════════════════════════════
The following TestFailure was thrown running a test:
Expected: not null
  Actual: <null>

When the exception was thrown, this was the stack:
#4      main.<anonymous closure> (file:///Users/mba_hd/Development/Flutter/Projects/arrow_ops/test/features/customer/presentation/customer_form_dialog_city_validation_test.dart:92:5)
<asynchronous suspension>
#5      testWidgets.<anonymous closure>.<anonymous closure> (package:flutter_test/src/widget_tester.dart:192:15)
<asynchronous suspension>
#6      TestWidgetsFlutterBinding._runTestBody (package:flutter_test/src/binding.dart:1682:5)
<asynchronous suspension>
<asynchronous suspension>
(elided one frame from package:stack_trace)

This was caught by the test expectation on the following line:
  file:///Users/mba_hd/Development/Flutter/Projects/arrow_ops/test/features/customer/presentation/customer_form_dialog_city_validation_test.dart line 92
The test description was:
  akzeptiert Stadtname mit Klammern beim Speichern
════════════════════════════════════════════════════════════════════════════════════════════════════
══╡ EXCEPTION CAUGHT BY FLUTTER TEST FRAMEWORK ╞════════════════════════════════════════════════════
The following message was thrown:
Multiple exceptions (5) were detected during the running of the current test, and at least one was
unexpected.
════════════════════════════════════════════════════════════════════════════════════════════════════
00:01 +0 -2: akzeptiert Stadtname mit Klammern beim Speichern [E]
  Test failed. See exception logs above.
  The test description was: akzeptiert Stadtname mit Klammern beim Speichern
  
00:01 +0 -2: Some tests failed.
